lib/gcc/i686-pc-mingw32/3.4.4/specs
lib/gcc/i686-pc-mingw32/3.4.4/orig.specs
lib/gcc/i686-pc-mingw32/3.4.4/libgcov.a
lib/gcc/i686-pc-mingw32/3.4.4/libgcc.a
lib/gcc/i686-pc-mingw32/3.4.4/install-tools/mkheaders.conf
lib/gcc/i686-pc-mingw32/3.4.4/install-tools/mkheaders
lib/gcc/i686-pc-mingw32/3.4.4/install-tools/include/xmmintrin.h
lib/gcc/i686-pc-mingw32/3.4.4/install-tools/include/varargs.h
lib/gcc/i686-pc-mingw32/3.4.4/install-tools/include/unwind.h
lib/gcc/i686-pc-mingw32/3.4.4/install-tools/include/stddef.h
lib/gcc/i686-pc-mingw32/3.4.4/install-tools/include/stdbool.h
lib/gcc/i686-pc-mingw32/3.4.4/install-tools/include/stdarg.h
lib/gcc/i686-pc-mingw32/3.4.4/install-tools/include/pmmintrin.h
lib/gcc/i686-pc-mingw32/3.4.4/install-tools/include/mmintrin.h
lib/gcc/i686-pc-mingw32/3.4.4/install-tools/include/mm_malloc.h
lib/gcc/i686-pc-mingw32/3.4.4/install-tools/include/limits.h
lib/gcc/i686-pc-mingw32/3.4.4/install-tools/include/iso646.h
lib/gcc/i686-pc-mingw32/3.4.4/install-tools/include/float.h
lib/gcc/i686-pc-mingw32/3.4.4/install-tools/include/emmintrin.h
lib/gcc/i686-pc-mingw32/3.4.4/install-tools/include/README
lib/gcc/i686-pc-mingw32/3.4.4/install-tools/include/
lib/gcc/i686-pc-mingw32/3.4.4/install-tools/gsyslimits.h
lib/gcc/i686-pc-mingw32/3.4.4/install-tools/fixinc.sh
lib/gcc/i686-pc-mingw32/3.4.4/install-tools/
lib/gcc/i686-pc-mingw32/3.4.4/include/xmmintrin.h
lib/gcc/i686-pc-mingw32/3.4.4/include/varargs.h
lib/gcc/i686-pc-mingw32/3.4.4/include/unwind.h
lib/gcc/i686-pc-mingw32/3.4.4/include/syslimits.h
lib/gcc/i686-pc-mingw32/3.4.4/include/stddef.h
lib/gcc/i686-pc-mingw32/3.4.4/include/stdbool.h
lib/gcc/i686-pc-mingw32/3.4.4/include/stdarg.h
lib/gcc/i686-pc-mingw32/3.4.4/include/pmmintrin.h
lib/gcc/i686-pc-mingw32/3.4.4/include/mmintrin.h
lib/gcc/i686-pc-mingw32/3.4.4/include/mm_malloc.h
lib/gcc/i686-pc-mingw32/3.4.4/include/limits.h
lib/gcc/i686-pc-mingw32/3.4.4/include/iso646.h
lib/gcc/i686-pc-mingw32/3.4.4/include/float.h
lib/gcc/i686-pc-mingw32/3.4.4/include/emmintrin.h
lib/gcc/i686-pc-mingw32/3.4.4/include/README
lib/gcc/i686-pc-mingw32/3.4.4/include/
lib/gcc/i686-pc-mingw32/3.4.4/crtend.o
lib/gcc/i686-pc-mingw32/3.4.4/crtbegin.o
lib/gcc/i686-pc-mingw32/3.4.4/collect2.exe
lib/gcc/i686-pc-mingw32/3.4.4/cc1.exe
lib/gcc/i686-pc-mingw32/3.4.4/
lib/gcc/i686-pc-mingw32/
lib/gcc/
lib/
