Archive member included because of file (symbol)

C:\Users\Pietro\Desktop\Arduino-1.5.6-r2\build\windows\work\hardware\arduino\sam\variants\arduino_due_x/libsam_sam3x8e_gcc_rel.a(startup_sam3xa.o)
                              (Reset_Handler)
C:\Users\Pietro\Desktop\Arduino-1.5.6-r2\build\windows\work\hardware\arduino\sam\variants\arduino_due_x/libsam_sam3x8e_gcc_rel.a(uotghs.o)
                              C:\Users\Pietro\Desktop\Arduino-1.5.6-r2\build\windows\work\hardware\arduino\sam\variants\arduino_due_x/libsam_sam3x8e_gcc_rel.a(startup_sam3xa.o) (UOTGHS_Handler)
C:\eeCygwin\tmp\build7172053153614456789.tmp/core.a(cortex_handlers.c.o)
                              C:\Users\Pietro\Desktop\Arduino-1.5.6-r2\build\windows\work\hardware\arduino\sam\variants\arduino_due_x/libsam_sam3x8e_gcc_rel.a(startup_sam3xa.o) (SysTick_Handler)
C:\eeCygwin\tmp\build7172053153614456789.tmp/core.a(hooks.c.o)
                              C:\eeCygwin\tmp\build7172053153614456789.tmp/core.a(cortex_handlers.c.o) (sysTickHook)
C:\eeCygwin\tmp\build7172053153614456789.tmp/core.a(main.cpp.o)
                              C:\Users\Pietro\Desktop\Arduino-1.5.6-r2\build\windows\work\hardware\arduino\sam\variants\arduino_due_x/libsam_sam3x8e_gcc_rel.a(startup_sam3xa.o) (main)
C:\eeCygwin\tmp\build7172053153614456789.tmp/core.a(Reset.cpp.o)
                              C:\eeCygwin\tmp\build7172053153614456789.tmp/core.a(cortex_handlers.c.o) (tickReset)
C:\eeCygwin\tmp\build7172053153614456789.tmp/core.a(USBCore.cpp.o)
                              C:\eeCygwin\tmp\build7172053153614456789.tmp/core.a(main.cpp.o) (USBDevice_::attach())
C:\eeCygwin\tmp\build7172053153614456789.tmp/core.a(variant.cpp.o)
                              C:\eeCygwin\tmp\build7172053153614456789.tmp/core.a(main.cpp.o) (init)
C:\eeCygwin\tmp\build7172053153614456789.tmp/core.a(wiring.c.o)
                              C:\eeCygwin\tmp\build7172053153614456789.tmp/core.a(main.cpp.o) (delay)
C:\eeCygwin\tmp\build7172053153614456789.tmp/core.a(wiring_analog.c.o)
                              C:\eeCygwin\tmp\build7172053153614456789.tmp/core.a(variant.cpp.o) (analogOutputInit)
C:\eeCygwin\tmp\build7172053153614456789.tmp/core.a(wiring_digital.c.o)
                              C:\eeCygwin\tmp\build7172053153614456789.tmp/core.a(variant.cpp.o) (digitalWrite)
C:\eeCygwin\tmp\build7172053153614456789.tmp/core.a(RingBuffer.cpp.o)
                              C:\eeCygwin\tmp\build7172053153614456789.tmp/core.a(variant.cpp.o) (RingBuffer::RingBuffer())
C:\eeCygwin\tmp\build7172053153614456789.tmp/core.a(UARTClass.cpp.o)
                              C:\eeCygwin\tmp\build7172053153614456789.tmp/core.a(variant.cpp.o) (UARTClass::UARTClass(Uart*, IRQn, unsigned long, RingBuffer*))
C:\eeCygwin\tmp\build7172053153614456789.tmp/core.a(USARTClass.cpp.o)
                              C:\eeCygwin\tmp\build7172053153614456789.tmp/core.a(variant.cpp.o) (USARTClass::USARTClass(Usart*, IRQn, unsigned long, RingBuffer*))
C:\eeCygwin\tmp\build7172053153614456789.tmp/core.a(CDC.cpp.o)
                              C:\eeCygwin\tmp\build7172053153614456789.tmp/core.a(USBCore.cpp.o) (Serial_::accept())
C:\eeCygwin\tmp\build7172053153614456789.tmp/core.a(HID.cpp.o)
                              C:\eeCygwin\tmp\build7172053153614456789.tmp/core.a(USBCore.cpp.o) (HID_Setup(Setup&))
C:\eeCygwin\tmp\build7172053153614456789.tmp/core.a(cxxabi-compat.cpp.o)
                              C:\eeCygwin\tmp\build7172053153614456789.tmp/core.a(UARTClass.cpp.o) (__cxa_pure_virtual)
C:\eeCygwin\tmp\build7172053153614456789.tmp/core.a(Print.cpp.o)
                              C:\eeCygwin\tmp\build7172053153614456789.tmp/core.a(UARTClass.cpp.o) (Print::write(unsigned char const*, unsigned int))
C:\Users\Pietro\Desktop\Arduino-1.5.6-r2\build\windows\work\hardware\arduino\sam\variants\arduino_due_x/libsam_sam3x8e_gcc_rel.a(pio.o)
                              C:\eeCygwin\tmp\build7172053153614456789.tmp/core.a(wiring_digital.c.o) (PIO_PullUp)
C:\Users\Pietro\Desktop\Arduino-1.5.6-r2\build\windows\work\hardware\arduino\sam\variants\arduino_due_x/libsam_sam3x8e_gcc_rel.a(pmc.o)
                              C:\eeCygwin\tmp\build7172053153614456789.tmp/core.a(variant.cpp.o) (pmc_enable_periph_clk)
C:\Users\Pietro\Desktop\Arduino-1.5.6-r2\build\windows\work\hardware\arduino\sam\variants\arduino_due_x/libsam_sam3x8e_gcc_rel.a(pwmc.o)
                              C:\eeCygwin\tmp\build7172053153614456789.tmp/core.a(wiring_analog.c.o) (PWMC_ConfigureChannel)
C:\Users\Pietro\Desktop\Arduino-1.5.6-r2\build\windows\work\hardware\arduino\sam\variants\arduino_due_x/libsam_sam3x8e_gcc_rel.a(tc.o)
                              C:\eeCygwin\tmp\build7172053153614456789.tmp/core.a(wiring_analog.c.o) (TC_Configure)
C:\Users\Pietro\Desktop\Arduino-1.5.6-r2\build\windows\work\hardware\arduino\sam\variants\arduino_due_x/libsam_sam3x8e_gcc_rel.a(timetick.o)
[...]
Memory Configuration

Name             Origin             Length             Attributes
rom              0x00080000         0x00080000         xr
sram0            0x20000000         0x00010000         xrw
sram1            0x20080000         0x00008000         xrw
ram              0x20070000         0x00018000         xrw
*default*        0x00000000         0xffffffff

Linker script and memory map

LOAD c:/users/pietro/desktop/arduino-1.5.6-r2/build/windows/work/hardware/tools/g++_arm_none_eabi/bin/../lib/gcc/arm-none-eabi/4.4.1/thumb2/crti.o
LOAD c:/users/pietro/desktop/arduino-1.5.6-r2/build/windows/work/hardware/tools/g++_arm_none_eabi/bin/../lib/gcc/arm-none-eabi/4.4.1/thumb2/crtbegin.o
LOAD c:/users/pietro/desktop/arduino-1.5.6-r2/build/windows/work/hardware/tools/g++_arm_none_eabi/bin/../lib/gcc/arm-none-eabi/4.4.1/thumb2\libgcc.a
START GROUP
LOAD C:\eeCygwin\tmp\build7172053153614456789.tmp/syscalls_sam3.c.o
LOAD C:\eeCygwin\tmp\build7172053153614456789.tmp\sketch_may15a.cpp.o
LOAD C:\Users\Pietro\Desktop\Arduino-1.5.6-r2\build\windows\work\hardware\arduino\sam\variants\arduino_due_x/libsam_sam3x8e_gcc_rel.a
LOAD C:\eeCygwin\tmp\build7172053153614456789.tmp/core.a
END GROUP
LOAD c:/users/pietro/desktop/arduino-1.5.6-r2/build/windows/work/hardware/tools/g++_arm_none_eabi/bin/../lib/gcc/arm-none-eabi/4.4.1/../../../../arm-none-eabi/lib/thumb2\libstdc++.a
LOAD c:/users/pietro/desktop/arduino-1.5.6-r2/build/windows/work/hardware/tools/g++_arm_none_eabi/bin/../lib/gcc/arm-none-eabi/4.4.1/../../../../arm-none-eabi/lib/thumb2\libm.a
START GROUP
LOAD c:/users/pietro/desktop/arduino-1.5.6-r2/build/windows/work/hardware/tools/g++_arm_none_eabi/bin/../lib/gcc/arm-none-eabi/4.4.1/thumb2\libgcc.a
LOAD c:/users/pietro/desktop/arduino-1.5.6-r2/build/windows/work/hardware/tools/g++_arm_none_eabi/bin/../lib/gcc/arm-none-eabi/4.4.1/../../../../arm-none-eabi/lib/thumb2\libc.a
END GROUP
LOAD c:/users/pietro/desktop/arduino-1.5.6-r2/build/windows/work/hardware/tools/g++_arm_none_eabi/bin/../lib/gcc/arm-none-eabi/4.4.1/thumb2/crtend.o
LOAD c:/users/pietro/desktop/arduino-1.5.6-r2/build/windows/work/hardware/tools/g++_arm_none_eabi/bin/../lib/gcc/arm-none-eabi/4.4.1/thumb2/crtn.o

.text           0x00080000     0x288c
                0x00080000                . = ALIGN (0x4)
                0x00080000                _sfixed = .
 *(.vectors .vectors.*)
 .vectors       0x00080000       0xf4 C:\Users\Pietro\Desktop\Arduino-1.5.6-r2\build\windows\work\hardware\arduino\sam\variants\arduino_due_x/libsam_sam3x8e_gcc_rel.a(startup_sam3xa.o)
                0x00080000                exception_table
 *(.text .text.* .gnu.linkonce.t.*)
 .text          0x000800f4       0x30 c:/users/pietro/desktop/arduino-1.5.6-r2/build/windows/work/hardware/tools/g++_arm_none_eabi/bin/../lib/gcc/arm-none-eabi/4.4.1/thumb2/crtbegin.o
 .text.setup    0x00080124        0x2 C:\eeCygwin\tmp\build7172053153614456789.tmp\sketch_may15a.cpp.o
                0x00080124                setup
 .text.loop     0x00080126        0x2 C:\eeCygwin\tmp\build7172053153614456789.tmp\sketch_may15a.cpp.o
                0x00080126                loop
 .text.Reset_Handler
                0x00080128       0x70 C:\Users\Pietro\Desktop\Arduino-1.5.6-r2\build\windows\work\hardware\arduino\sam\variants\arduino_due_x/libsam_sam3x8e_gcc_rel.a(startup_sam3xa.o)
                0x00080128                Reset_Handler
 .text.UOTGHS_Handler
                0x00080198       0x10 C:\Users\Pietro\Desktop\Arduino-1.5.6-r2\build\windows\work\hardware\arduino\sam\variants\arduino_due_x/libsam_sam3x8e_gcc_rel.a(uotghs.o)
                0x00080198                UOTGHS_Handler
 .text.__halt   0x000801a8        0x2 C:\eeCygwin\tmp\build7172053153614456789.tmp/core.a(cortex_handlers.c.o)
                0x000801a8                DACC_Handler
                0x000801a8                DebugMon_Handler
                0x000801a8                DMAC_Handler
                0x000801a8                TRNG_Handler
                0x000801a8                HardFault_Handler
                0x000801a8                TC2_Handler
                0x000801a8                TWI1_Handler
                0x000801a8                NMI_Handler
                0x000801a8                TC7_Handler
                0x000801a8                ADC_Handler
                0x000801a8                SMC_Handler
                0x000801a8                RTT_Handler
                0x000801a8                EFC1_Handler
                0x000801a8                PIOB_Handler
                0x000801a8                RTC_Handler
                0x000801a8                UsageFault_Handler
                0x000801a8                TC6_Handler
                0x000801a8                WDT_Handler
                0x000801a8                CAN0_Handler
                0x000801a8                TC4_Handler
                0x000801a8                TC1_Handler
                0x000801a8                HSMCI_Handler
                0x000801a8                TC3_Handler
                0x000801a8                TWI0_Handler
                0x000801a8                PIOA_Handler
                0x000801a8                SSC_Handler
                0x000801a8                EFC0_Handler
                0x000801a8                PMC_Handler
                0x000801a8                PWM_Handler
                0x000801a8                CAN1_Handler
                0x000801a8                MemManage_Handler
                0x000801a8                SUPC_Handler
                0x000801a8                TC8_Handler
                0x000801a8                USART2_Handler
                0x000801a8                PIOD_Handler
                0x000801a8                EMAC_Handler
                0x000801a8                PIOC_Handler
                0x000801a8                BusFault_Handler
                0x000801a8                RSTC_Handler
                0x000801a8                TC0_Handler
                0x000801a8                TC5_Handler
                0x000801a8                SPI0_Handler
 .text.SysTick_Handler
                0x000801aa       0x16 C:\eeCygwin\tmp\build7172053153614456789.tmp/core.a(cortex_handlers.c.o)
                0x000801aa                SysTick_Handler
 .text.PendSV_Handler
                0x000801c0        0x4 C:\eeCygwin\tmp\build7172053153614456789.tmp/core.a(cortex_handlers.c.o)
                0x000801c0                PendSV_Handler
 .text.SVC_Handler
                0x000801c4        0x4 C:\eeCygwin\tmp\build7172053153614456789.tmp/core.a(cortex_handlers.c.o)
                0x000801c4                SVC_Handler
 .text.__empty  0x000801c8        0x2 C:\eeCygwin\tmp\build7172053153614456789.tmp/core.a(hooks.c.o)
                0x000801c8                yield
 .text.__false  0x000801ca        0x4 C:\eeCygwin\tmp\build7172053153614456789.tmp/core.a(hooks.c.o)
                0x000801ca                sysTickHook
 .text.__halt   0x000801ce        0x2 C:\eeCygwin\tmp\build7172053153614456789.tmp/core.a(hooks.c.o)
                0x000801ce                svcHook
                0x000801ce                pendSVHook
 .text.main     0x000801d0       0x30 C:\eeCygwin\tmp\build7172053153614456789.tmp/core.a(main.cpp.o)
                0x000801d0                main
 .text.initiateReset
                0x00080200        0xc C:\eeCygwin\tmp\build7172053153614456789.tmp/core.a(Reset.cpp.o)
                0x00080200                initiateReset
 .text.cancelReset
                0x0008020c       0x10 C:\eeCygwin\tmp\build7172053153614456789.tmp/core.a(Reset.cpp.o)
                0x0008020c                cancelReset
 .text.tickReset
                0x0008021c       0x20 C:\eeCygwin\tmp\build7172053153614456789.tmp/core.a(Reset.cpp.o)
                0x0008021c                tickReset
 .text._Z16USBD_InitControli
                0x0008023c       0x14 C:\eeCygwin\tmp\build7172053153614456789.tmp/core.a(USBCore.cpp.o)
                0x0008023c                USBD_InitControl(int)
 .text._ZL11USB_SendZlpv
                0x00080250       0x24 C:\eeCygwin\tmp\build7172053153614456789.tmp/core.a(USBCore.cpp.o)
 .text._ZN10USBDevice_6attachEv
                0x00080274       0x20 C:\eeCygwin\tmp\build7172053153614456789.tmp/core.a(USBCore.cpp.o)
                0x00080274                USBDevice_::attach()
 .text._ZN10USBDevice_C1Ev
                0x00080294       0x24 C:\eeCygwin\tmp\build7172053153614456789.tmp/core.a(USBCore.cpp.o)
                0x00080294                USBDevice_::USBDevice_()
 .text._Z14USBD_Availablem
                0x000802b8       0x2c C:\eeCygwin\tmp\build7172053153614456789.tmp/core.a(USBCore.cpp.o)
                0x000802b8                USBD_Available(unsigned long)
 .text._Z10USBD_Flushm
                0x000802e4       0x16 C:\eeCygwin\tmp\build7172053153614456789.tmp/core.a(USBCore.cpp.o)
                0x000802e4                USBD_Flush(unsigned long)
 .text._Z24USBD_SendOtherInterfacesv
                0x000802fa       0x1c C:\eeCygwin\tmp\build7172053153614456789.tmp/core.a(USBCore.cpp.o)
                0x000802fa                USBD_SendOtherInterfaces()
 .text._Z19USBD_SendInterfacesv
                0x00080316       0x1c C:\eeCygwin\tmp\build7172053153614456789.tmp/core.a(USBCore.cpp.o)
                0x00080316                USBD_SendInterfaces()
 .text._Z26USBD_ClassInterfaceRequestR5Setup
                0x00080332       0x14 C:\eeCygwin\tmp\build7172053153614456789.tmp/core.a(USBCore.cpp.o)
                0x00080332                USBD_ClassInterfaceRequest(Setup&)
 .text._Z16USBD_RecvControlPvm
                0x00080346       0x1c C:\eeCygwin\tmp\build7172053153614456789.tmp/core.a(USBCore.cpp.o)
                0x00080346                USBD_RecvControl(void*, unsigned long)
 *fill*         0x00080362        0x2 00
 .text._Z16USBD_SendControlhPKvm
                0x00080364       0x40 C:\eeCygwin\tmp\build7172053153614456789.tmp/core.a(USBCore.cpp.o)
                0x00080364                USBD_SendControl(unsigned char, void const*, unsigned long)
 .text._ZL24USB_SendStringDescriptorPKhi
                0x000803a4       0x42 C:\eeCygwin\tmp\build7172053153614456789.tmp/core.a(USBCore.cpp.o)
 *fill*         0x000803e6        0x2 00
 .text._ZL7USB_ISRv
                0x000803e8      0x438 C:\eeCygwin\tmp\build7172053153614456789.tmp/core.a(USBCore.cpp.o)
 .text._Z9USBD_SendmPKvm
                0x00080820       0x4c C:\eeCygwin\tmp\build7172053153614456789.tmp/core.a(USBCore.cpp.o)
                0x00080820                USBD_Send(unsigned long, void const*, unsigned long)
 .text._Z9USBD_RecvmPvm
                0x0008086c       0x7c C:\eeCygwin\tmp\build7172053153614456789.tmp/core.a(USBCore.cpp.o)
                0x0008086c                USBD_Recv(unsigned long, void*, unsigned long)
 .text._Z9USBD_Recvm
                0x000808e8       0x1e C:\eeCygwin\tmp\build7172053153614456789.tmp/core.a(USBCore.cpp.o)
                0x000808e8                USBD_Recv(unsigned long)
 *fill*         0x00080906        0x2 00
 .text._GLOBAL__I_TxLEDPulse
                0x00080908        0xc C:\eeCygwin\tmp\build7172053153614456789.tmp/core.a(USBCore.cpp.o)
 .text._Z11serialEventv
                0x00080914        0x2 C:\eeCygwin\tmp\build7172053153614456789.tmp/core.a(variant.cpp.o)
                0x00080914                serialEvent()
 .text._Z12serialEvent1v
                0x00080916        0x2 C:\eeCygwin\tmp\build7172053153614456789.tmp/core.a(variant.cpp.o)
                0x00080916                serialEvent1()
 .text._Z12serialEvent2v
                0x00080918        0x2 C:\eeCygwin\tmp\build7172053153614456789.tmp/core.a(variant.cpp.o)
                0x00080918                serialEvent2()
 .text._Z12serialEvent3v
                0x0008091a        0x2 C:\eeCygwin\tmp\build7172053153614456789.tmp/core.a(variant.cpp.o)
                0x0008091a                serialEvent3()
 .text.init     0x0008091c      0x134 C:\eeCygwin\tmp\build7172053153614456789.tmp/core.a(variant.cpp.o)
                0x0008091c                init
 .text._Z14serialEventRunv
                0x00080a50       0x48 C:\eeCygwin\tmp\build7172053153614456789.tmp/core.a(variant.cpp.o)
                0x00080a50                serialEventRun()
 .text.USART3_Handler
                0x00080a98        0xc C:\eeCygwin\tmp\build7172053153614456789.tmp/core.a(variant.cpp.o)
                0x00080a98                USART3_Handler
 .text.USART1_Handler
                0x00080aa4        0xc C:\eeCygwin\tmp\build7172053153614456789.tmp/core.a(variant.cpp.o)
                0x00080aa4                USART1_Handler
 .text.USART0_Handler
                0x00080ab0        0xc C:\eeCygwin\tmp\build7172053153614456789.tmp/core.a(variant.cpp.o)
                0x00080ab0                USART0_Handler
 .text.UART_Handler
                0x00080abc        0xc C:\eeCygwin\tmp\build7172053153614456789.tmp/core.a(variant.cpp.o)
                0x00080abc                UART_Handler
 .text._GLOBAL__I_g_APinDescription
                0x00080ac8       0x8c C:\eeCygwin\tmp\build7172053153614456789.tmp/core.a(variant.cpp.o)
 .text.delay    0x00080b54       0x1c C:\eeCygwin\tmp\build7172053153614456789.tmp/core.a(wiring.c.o)
                0x00080b54                delay
 .text.analogOutputInit
                0x00080b70       0x14 C:\eeCygwin\tmp\build7172053153614456789.tmp/core.a(wiring_analog.c.o)
                0x00080b70                analogOutputInit
 .text.digitalWrite
                0x00080b84       0x48 C:\eeCygwin\tmp\build7172053153614456789.tmp/core.a(wiring_digital.c.o)
                0x00080b84                digitalWrite
 .text._ZN10RingBuffer10store_charEh
                0x00080bcc       0x16 C:\eeCygwin\tmp\build7172053153614456789.tmp/core.a(RingBuffer.cpp.o)
                0x00080bcc                RingBuffer::store_char(unsigned char)
 .text._ZN10RingBufferC1Ev
                0x00080be2       0x16 C:\eeCygwin\tmp\build7172053153614456789.tmp/core.a(RingBuffer.cpp.o)
                0x00080be2                RingBuffer::RingBuffer()
 .text._ZN9UARTClasscvbEv
                0x00080bf8        0x4 C:\eeCygwin\tmp\build7172053153614456789.tmp/core.a(UARTClass.cpp.o)
                0x00080bf8                UARTClass::operator bool()
 .text._ZN9UARTClassC1EP4Uart4IRQnmP10RingBuffer
                0x00080bfc       0x24 C:\eeCygwin\tmp\build7172053153614456789.tmp/core.a(UARTClass.cpp.o)
                0x00080bfc                UARTClass::UARTClass(Uart*, IRQn, unsigned long, RingBuffer*)
 .text._ZN9UARTClass9availableEv
                0x00080c20        0xe C:\eeCygwin\tmp\build7172053153614456789.tmp/core.a(UARTClass.cpp.o)
                0x00080c20                UARTClass::available()
 .text._ZN9UARTClass4peekEv
                0x00080c2e       0x12 C:\eeCygwin\tmp\build7172053153614456789.tmp/core.a(UARTClass.cpp.o)
                0x00080c2e                UARTClass::peek()
 .text._ZN9UARTClass4readEv
                0x00080c40       0x1c C:\eeCygwin\tmp\build7172053153614456789.tmp/core.a(UARTClass.cpp.o)
                0x00080c40                UARTClass::read()
 .text._ZN9UARTClass5flushEv
                0x00080c5c        0xc C:\eeCygwin\tmp\build7172053153614456789.tmp/core.a(UARTClass.cpp.o)
                0x00080c5c                UARTClass::flush()
 .text._ZN9UARTClass5writeEh
                0x00080c68       0x10 C:\eeCygwin\tmp\build7172053153614456789.tmp/core.a(UARTClass.cpp.o)
                0x00080c68                UARTClass::write(unsigned char)
 .text._ZN9UARTClass10IrqHandlerEv
                0x00080c78       0x2a C:\eeCygwin\tmp\build7172053153614456789.tmp/core.a(UARTClass.cpp.o)
                0x00080c78                UARTClass::IrqHandler()
 *fill*         0x00080ca2        0x2 00
 .text._ZN9UARTClass3endEv
                0x00080ca4       0x38 C:\eeCygwin\tmp\build7172053153614456789.tmp/core.a(UARTClass.cpp.o)
                0x00080ca4                UARTClass::end()
 .text._ZN9UARTClass5beginEm
                0x00080cdc       0x5c C:\eeCygwin\tmp\build7172053153614456789.tmp/core.a(UARTClass.cpp.o)
                0x00080cdc                UARTClass::begin(unsigned long)
 .text._ZN10USARTClasscvbEv
                0x00080d38        0x4 C:\eeCygwin\tmp\build7172053153614456789.tmp/core.a(USARTClass.cpp.o)
                0x00080d38                USARTClass::operator bool()
 .text._ZN10USARTClassC1EP5Usart4IRQnmP10RingBuffer
                0x00080d3c       0x24 C:\eeCygwin\tmp\build7172053153614456789.tmp/core.a(USARTClass.cpp.o)
                0x00080d3c                USARTClass::USARTClass(Usart*, IRQn, unsigned long, RingBuffer*)
 .text._ZN10USARTClass9availableEv
                0x00080d60        0xe C:\eeCygwin\tmp\build7172053153614456789.tmp/core.a(USARTClass.cpp.o)
                0x00080d60                USARTClass::available()
 .text._ZN10USARTClass4peekEv
                0x00080d6e       0x12 C:\eeCygwin\tmp\build7172053153614456789.tmp/core.a(USARTClass.cpp.o)
                0x00080d6e                USARTClass::peek()
 .text._ZN10USARTClass4readEv
                0x00080d80       0x1c C:\eeCygwin\tmp\build7172053153614456789.tmp/core.a(USARTClass.cpp.o)
                0x00080d80                USARTClass::read()
 .text._ZN10USARTClass5flushEv
                0x00080d9c        0xc C:\eeCygwin\tmp\build7172053153614456789.tmp/core.a(USARTClass.cpp.o)
                0x00080d9c                USARTClass::flush()
 .text._ZN10USARTClass5writeEh
                0x00080da8       0x10 C:\eeCygwin\tmp\build7172053153614456789.tmp/core.a(USARTClass.cpp.o)
                0x00080da8                USARTClass::write(unsigned char)
 .text._ZN10USARTClass10IrqHandlerEv
                0x00080db8       0x2a C:\eeCygwin\tmp\build7172053153614456789.tmp/core.a(USARTClass.cpp.o)
                0x00080db8                USARTClass::IrqHandler()
 *fill*         0x00080de2        0x2 00
 .text._ZN10USARTClass3endEv
                0x00080de4       0x38 C:\eeCygwin\tmp\build7172053153614456789.tmp/core.a(USARTClass.cpp.o)
                0x00080de4                USARTClass::end()
 .text._ZN10USARTClass5beginEm
                0x00080e1c       0x5c C:\eeCygwin\tmp\build7172053153614456789.tmp/core.a(USARTClass.cpp.o)
                0x00080e1c                USARTClass::begin(unsigned long)
 .text._ZN7Serial_9availableEv
                0x00080e78       0x18 C:\eeCygwin\tmp\build7172053153614456789.tmp/core.a(CDC.cpp.o)
                0x00080e78                Serial_::available()
 .text._ZN7Serial_4peekEv
                0x00080e90       0x20 C:\eeCygwin\tmp\build7172053153614456789.tmp/core.a(CDC.cpp.o)
                0x00080e90                Serial_::peek()
 .text._ZN7Serial_5writeEh
                0x00080eb0       0x14 C:\eeCygwin\tmp\build7172053153614456789.tmp/core.a(CDC.cpp.o)
                0x00080eb0                Serial_::write(unsigned char)
 .text._ZN7Serial_5writeEPKhj
                0x00080ec4       0x28 C:\eeCygwin\tmp\build7172053153614456789.tmp/core.a(CDC.cpp.o)
                0x00080ec4                Serial_::write(unsigned char const*, unsigned int)
 .text._ZN7Serial_5flushEv
                0x00080eec        0x6 C:\eeCygwin\tmp\build7172053153614456789.tmp/core.a(CDC.cpp.o)
                0x00080eec                Serial_::flush()
 *fill*         0x00080ef2        0x2 00
 .text._ZN7Serial_4readEv
                0x00080ef4       0x44 C:\eeCygwin\tmp\build7172053153614456789.tmp/core.a(CDC.cpp.o)
                0x00080ef4                Serial_::read()
 .text._ZN7Serial_6acceptEv
                0x00080f38       0x6c C:\eeCygwin\tmp\build7172053153614456789.tmp/core.a(CDC.cpp.o)
                0x00080f38                Serial_::accept()
 .text._Z21CDC_GetOtherInterfacePh
                0x00080fa4       0x14 C:\eeCygwin\tmp\build7172053153614456789.tmp/core.a(CDC.cpp.o)
                0x00080fa4                CDC_GetOtherInterface(unsigned char*)
 .text._Z16CDC_GetInterfacePh
                0x00080fb8       0x14 C:\eeCygwin\tmp\build7172053153614456789.tmp/core.a(CDC.cpp.o)
                0x00080fb8                CDC_GetInterface(unsigned char*)
 .text._Z9CDC_SetupR5Setup
                0x00080fcc       0x60 C:\eeCygwin\tmp\build7172053153614456789.tmp/core.a(CDC.cpp.o)
                0x00080fcc                CDC_Setup(Setup&)
 .text._GLOBAL__I_cdc_rx_buffer
                0x0008102c       0x1c C:\eeCygwin\tmp\build7172053153614456789.tmp/core.a(CDC.cpp.o)
 .text._Z9HID_SetupR5Setup
                0x00081048       0x44 C:\eeCygwin\tmp\build7172053153614456789.tmp/core.a(HID.cpp.o)
                0x00081048                HID_Setup(Setup&)
 .text._ZN6Mouse_C1Ev
                0x0008108c        0x6 C:\eeCygwin\tmp\build7172053153614456789.tmp/core.a(HID.cpp.o)
                0x0008108c                Mouse_::Mouse_()
 *fill*         0x00081092        0x2 00
 .text._ZN9Keyboard_C1Ev
                0x00081094       0x10 C:\eeCygwin\tmp\build7172053153614456789.tmp/core.a(HID.cpp.o)
                0x00081094                Keyboard_::Keyboard_()
 .text._ZN9Keyboard_5writeEh
                0x000810a4       0x1c C:\eeCygwin\tmp\build7172053153614456789.tmp/core.a(HID.cpp.o)
                0x000810a4                Keyboard_::write(unsigned char)
 .text._Z14HID_SendReporthPKvm
                0x000810c0       0x2c C:\eeCygwin\tmp\build7172053153614456789.tmp/core.a(HID.cpp.o)
                0x000810c0                HID_SendReport(unsigned char, void const*, unsigned long)
 .text._ZN9Keyboard_10sendReportEP9KeyReport
                0x000810ec        0x8 C:\eeCygwin\tmp\build7172053153614456789.tmp/core.a(HID.cpp.o)
                0x000810ec                Keyboard_::sendReport(KeyReport*)
 .text._ZN9Keyboard_10releaseAllEv
                0x000810f4       0x18 C:\eeCygwin\tmp\build7172053153614456789.tmp/core.a(HID.cpp.o)
                0x000810f4                Keyboard_::releaseAll()
 .text._ZN9Keyboard_7releaseEh
                0x0008110c       0x74 C:\eeCygwin\tmp\build7172053153614456789.tmp/core.a(HID.cpp.o)
                0x0008110c                Keyboard_::release(unsigned char)
 .text._ZN9Keyboard_5pressEh
                0x00081180       0x9c C:\eeCygwin\tmp\build7172053153614456789.tmp/core.a(HID.cpp.o)
                0x00081180                Keyboard_::press(unsigned char)
 .text._Z17HID_GetDescriptori
                0x0008121c       0x10 C:\eeCygwin\tmp\build7172053153614456789.tmp/core.a(HID.cpp.o)
                0x0008121c                HID_GetDescriptor(int)
 .text._Z16HID_GetInterfacePh
                0x0008122c       0x14 C:\eeCygwin\tmp\build7172053153614456789.tmp/core.a(HID.cpp.o)
                0x0008122c                HID_GetInterface(unsigned char*)
 .text._GLOBAL__I_Mouse
                0x00081240       0x1c C:\eeCygwin\tmp\build7172053153614456789.tmp/core.a(HID.cpp.o)
 .text._ZN5Print5writeEPKhj
                0x0008125c       0x2e C:\eeCygwin\tmp\build7172053153614456789.tmp/core.a(Print.cpp.o)
                0x0008125c                Print::write(unsigned char const*, unsigned int)
 .text.PIO_DisableInterrupt
                0x0008128a        0x4 C:\Users\Pietro\Desktop\Arduino-1.5.6-r2\build\windows\work\hardware\arduino\sam\variants\arduino_due_x/libsam_sam3x8e_gcc_rel.a(pio.o)
                0x0008128a                PIO_DisableInterrupt
 .text.PIO_PullUp
                0x0008128e        0xa C:\Users\Pietro\Desktop\Arduino-1.5.6-r2\build\windows\work\hardware\arduino\sam\variants\arduino_due_x/libsam_sam3x8e_gcc_rel.a(pio.o)
                0x0008128e                PIO_PullUp
 .text.PIO_SetPeripheral
                0x00081298       0x2a C:\Users\Pietro\Desktop\Arduino-1.5.6-r2\build\windows\work\hardware\arduino\sam\variants\arduino_due_x/libsam_sam3x8e_gcc_rel.a(pio.o)
                0x00081298                PIO_SetPeripheral
 *fill*         0x000812c2        0x2 00
 .text.PIO_SetInput
                0x000812c4       0x40 C:\Users\Pietro\Desktop\Arduino-1.5.6-r2\build\windows\work\hardware\arduino\sam\variants\arduino_due_x/libsam_sam3x8e_gcc_rel.a(pio.o)
                0x000812c4                PIO_SetInput
 .text.PIO_SetOutput
                0x00081304       0x38 C:\Users\Pietro\Desktop\Arduino-1.5.6-r2\build\windows\work\hardware\arduino\sam\variants\arduino_due_x/libsam_sam3x8e_gcc_rel.a(pio.o)
                0x00081304                PIO_SetOutput
 .text.PIO_Configure
                0x0008133c       0x74 C:\Users\Pietro\Desktop\Arduino-1.5.6-r2\build\windows\work\hardware\arduino\sam\variants\arduino_due_x/libsam_sam3x8e_gcc_rel.a(pio.o)
                0x0008133c                PIO_Configure
 .text.PIO_GetOutputDataStatus
                0x000813b0       0x16 C:\Users\Pietro\Desktop\Arduino-1.5.6-r2\build\windows\work\hardware\arduino\sam\variants\arduino_due_x/libsam_sam3x8e_gcc_rel.a(pio.o)
                0x000813b0                PIO_GetOutputDataStatus
 *fill*         0x000813c6        0x2 00
 .text.pmc_enable_upll_clock
                0x000813c8       0x18 C:\Users\Pietro\Desktop\Arduino-1.5.6-r2\build\windows\work\hardware\arduino\sam\variants\arduino_due_x/libsam_sam3x8e_gcc_rel.a(pmc.o)
                0x000813c8                pmc_enable_upll_clock
 .text.pmc_enable_periph_clk
                0x000813e0       0x48 C:\Users\Pietro\Desktop\Arduino-1.5.6-r2\build\windows\work\hardware\arduino\sam\variants\arduino_due_x/libsam_sam3x8e_gcc_rel.a(pmc.o)
                0x000813e0                pmc_enable_periph_clk
 .text.pmc_disable_periph_clk
                0x00081428       0x48 C:\Users\Pietro\Desktop\Arduino-1.5.6-r2\build\windows\work\hardware\arduino\sam\variants\arduino_due_x/libsam_sam3x8e_gcc_rel.a(pmc.o)
                0x00081428                pmc_disable_periph_clk
 .text.pmc_switch_udpck_to_upllck
                0x00081470       0x14 C:\Users\Pietro\Desktop\Arduino-1.5.6-r2\build\windows\work\hardware\arduino\sam\variants\arduino_due_x/libsam_sam3x8e_gcc_rel.a(pmc.o)
                0x00081470                pmc_switch_udpck_to_upllck
 .text.pmc_enable_udpck
                0x00081484        0xc C:\Users\Pietro\Desktop\Arduino-1.5.6-r2\build\windows\work\hardware\arduino\sam\variants\arduino_due_x/libsam_sam3x8e_gcc_rel.a(pmc.o)
                0x00081484                pmc_enable_udpck
 .text.TimeTick_Increment
                0x00081490       0x10 C:\Users\Pietro\Desktop\Arduino-1.5.6-r2\build\windows\work\hardware\arduino\sam\variants\arduino_due_x/libsam_sam3x8e_gcc_rel.a(timetick.o)
                0x00081490                TimeTick_Increment
 .text.GetTickCount
                0x000814a0        0xc C:\Users\Pietro\Desktop\Arduino-1.5.6-r2\build\windows\work\hardware\arduino\sam\variants\arduino_due_x/libsam_sam3x8e_gcc_rel.a(timetick.o)
                0x000814a0                GetTickCount
 .text.WDT_Disable
                0x000814ac        0x8 C:\Users\Pietro\Desktop\Arduino-1.5.6-r2\build\windows\work\hardware\arduino\sam\variants\arduino_due_x/libsam_sam3x8e_gcc_rel.a(wdt.o)
                0x000814ac                WDT_Disable
 .text.SystemInit
                0x000814b4       0x9c C:\Users\Pietro\Desktop\Arduino-1.5.6-r2\build\windows\work\hardware\arduino\sam\variants\arduino_due_x/libsam_sam3x8e_gcc_rel.a(system_sam3xa.o)
                0x000814b4                SystemInit
 .text.adc_init
                0x00081550       0xa0 C:\Users\Pietro\Desktop\Arduino-1.5.6-r2\build\windows\work\hardware\arduino\sam\variants\arduino_due_x/libsam_sam3x8e_gcc_rel.a(adc.o)
                0x00081550                adc_init
 .text.adc_configure_trigger
                0x000815f0       0x10 C:\Users\Pietro\Desktop\Arduino-1.5.6-r2\build\windows\work\hardware\arduino\sam\variants\arduino_due_x/libsam_sam3x8e_gcc_rel.a(adc.o)
                0x000815f0                adc_configure_trigger
 .text.adc_configure_timing
                0x00081600       0x1a C:\Users\Pietro\Desktop\Arduino-1.5.6-r2\build\windows\work\hardware\arduino\sam\variants\arduino_due_x/libsam_sam3x8e_gcc_rel.a(adc.o)
                0x00081600                adc_configure_timing
 .text.adc_disable_all_channel
                0x0008161a        0x8 C:\Users\Pietro\Desktop\Arduino-1.5.6-r2\build\windows\work\hardware\arduino\sam\variants\arduino_due_x/libsam_sam3x8e_gcc_rel.a(adc.o)
                0x0008161a                adc_disable_all_channel
 .text.adc_disable_interrupt
                0x00081622        0x4 C:\Users\Pietro\Desktop\Arduino-1.5.6-r2\build\windows\work\hardware\arduino\sam\variants\arduino_due_x/libsam_sam3x8e_gcc_rel.a(adc.o)
                0x00081622                adc_disable_interrupt
 *fill*         0x00081626        0x2 00
 .text.UDD_SetStack
                0x00081628        0xc C:\Users\Pietro\Desktop\Arduino-1.5.6-r2\build\windows\work\hardware\arduino\sam\variants\arduino_due_x/libsam_sam3x8e_gcc_rel.a(uotghs_device.o)
                0x00081628                UDD_SetStack
 .text.UDD_Init
                0x00081634       0xd0 C:\Users\Pietro\Desktop\Arduino-1.5.6-r2\build\windows\work\hardware\arduino\sam\variants\arduino_due_x/libsam_sam3x8e_gcc_rel.a(uotghs_device.o)
                0x00081634                UDD_Init
 .text.UDD_Attach
                0x00081704       0x4c C:\Users\Pietro\Desktop\Arduino-1.5.6-r2\build\windows\work\hardware\arduino\sam\variants\arduino_due_x/libsam_sam3x8e_gcc_rel.a(uotghs_device.o)
                0x00081704                UDD_Attach
 .text.UDD_InitEP
                0x00081750       0x30 C:\Users\Pietro\Desktop\Arduino-1.5.6-r2\build\windows\work\hardware\arduino\sam\variants\arduino_due_x/libsam_sam3x8e_gcc_rel.a(uotghs_device.o)
                0x00081750                UDD_InitEP
 .text.UDD_InitEndpoints
                0x00081780       0x3c C:\Users\Pietro\Desktop\Arduino-1.5.6-r2\build\windows\work\hardware\arduino\sam\variants\arduino_due_x/libsam_sam3x8e_gcc_rel.a(uotghs_device.o)
                0x00081780                UDD_InitEndpoints
 .text.UDD_WaitIN
                0x000817bc       0x14 C:\Users\Pietro\Desktop\Arduino-1.5.6-r2\build\windows\work\hardware\arduino\sam\variants\arduino_due_x/libsam_sam3x8e_gcc_rel.a(uotghs_device.o)
                0x000817bc                UDD_WaitIN
 .text.UDD_WaitOUT
                0x000817d0       0x14 C:\Users\Pietro\Desktop\Arduino-1.5.6-r2\build\windows\work\hardware\arduino\sam\variants\arduino_due_x/libsam_sam3x8e_gcc_rel.a(uotghs_device.o)
                0x000817d0                UDD_WaitOUT
 .text.UDD_ClearIN
                0x000817e4       0x18 C:\Users\Pietro\Desktop\Arduino-1.5.6-r2\build\windows\work\hardware\arduino\sam\variants\arduino_due_x/libsam_sam3x8e_gcc_rel.a(uotghs_device.o)
                0x000817e4                UDD_ClearIN
 .text.UDD_ClearOUT
                0x000817fc       0x18 C:\Users\Pietro\Desktop\Arduino-1.5.6-r2\build\windows\work\hardware\arduino\sam\variants\arduino_due_x/libsam_sam3x8e_gcc_rel.a(uotghs_device.o)
                0x000817fc                UDD_ClearOUT
 .text.UDD_ReceivedSetupInt
                0x00081814       0x10 C:\Users\Pietro\Desktop\Arduino-1.5.6-r2\build\windows\work\hardware\arduino\sam\variants\arduino_due_x/libsam_sam3x8e_gcc_rel.a(uotghs_device.o)
                0x00081814                UDD_ReceivedSetupInt
 .text.UDD_ClearSetupInt
                0x00081824       0x10 C:\Users\Pietro\Desktop\Arduino-1.5.6-r2\build\windows\work\hardware\arduino\sam\variants\arduino_due_x/libsam_sam3x8e_gcc_rel.a(uotghs_device.o)
                0x00081824                UDD_ClearSetupInt
 .text.UDD_Send
                0x00081834       0x90 C:\Users\Pietro\Desktop\Arduino-1.5.6-r2\build\windows\work\hardware\arduino\sam\variants\arduino_due_x/libsam_sam3x8e_gcc_rel.a(uotghs_device.o)
                0x00081834                UDD_Send
 .text.UDD_Send8
                0x000818c4       0x28 C:\Users\Pietro\Desktop\Arduino-1.5.6-r2\build\windows\work\hardware\arduino\sam\variants\arduino_due_x/libsam_sam3x8e_gcc_rel.a(uotghs_device.o)
                0x000818c4                UDD_Send8
 .text.UDD_Recv8
                0x000818ec       0x28 C:\Users\Pietro\Desktop\Arduino-1.5.6-r2\build\windows\work\hardware\arduino\sam\variants\arduino_due_x/libsam_sam3x8e_gcc_rel.a(uotghs_device.o)
                0x000818ec                UDD_Recv8
 .text.UDD_Recv
                0x00081914       0x34 C:\Users\Pietro\Desktop\Arduino-1.5.6-r2\build\windows\work\hardware\arduino\sam\variants\arduino_due_x/libsam_sam3x8e_gcc_rel.a(uotghs_device.o)
                0x00081914                UDD_Recv
 .text.UDD_Stall
                0x00081948       0x14 C:\Users\Pietro\Desktop\Arduino-1.5.6-r2\build\windows\work\hardware\arduino\sam\variants\arduino_due_x/libsam_sam3x8e_gcc_rel.a(uotghs_device.o)
                0x00081948                UDD_Stall
 .text.UDD_FifoByteCount
                0x0008195c       0x1c C:\Users\Pietro\Desktop\Arduino-1.5.6-r2\build\windows\work\hardware\arduino\sam\variants\arduino_due_x/libsam_sam3x8e_gcc_rel.a(uotghs_device.o)
                0x0008195c                UDD_FifoByteCount
 .text.UDD_ReleaseRX
                0x00081978       0x2c C:\Users\Pietro\Desktop\Arduino-1.5.6-r2\build\windows\work\hardware\arduino\sam\variants\arduino_due_x/libsam_sam3x8e_gcc_rel.a(uotghs_device.o)
                0x00081978                UDD_ReleaseRX
 .text.UDD_ReleaseTX
                0x000819a4       0x2c C:\Users\Pietro\Desktop\Arduino-1.5.6-r2\build\windows\work\hardware\arduino\sam\variants\arduino_due_x/libsam_sam3x8e_gcc_rel.a(uotghs_device.o)
                0x000819a4                UDD_ReleaseTX
 .text.UDD_SetAddress
                0x000819d0       0x20 C:\Users\Pietro\Desktop\Arduino-1.5.6-r2\build\windows\work\hardware\arduino\sam\variants\arduino_due_x/libsam_sam3x8e_gcc_rel.a(uotghs_device.o)
                0x000819d0                UDD_SetAddress
 .text          0x000819f0       0x50 c:/users/pietro/desktop/arduino-1.5.6-r2/build/windows/work/hardware/tools/g++_arm_none_eabi/bin/../lib/gcc/arm-none-eabi/4.4.1/../../../../arm-none-eabi/lib/thumb2\libc.a(lib_a-init.o)
                0x000819f0                __libc_init_array
 .text          0x00081a40       0xd4 c:/users/pietro/desktop/arduino-1.5.6-r2/build/windows/work/hardware/tools/g++_arm_none_eabi/bin/../lib/gcc/arm-none-eabi/4.4.1/../../../../arm-none-eabi/lib/thumb2\libc.a(lib_a-memset.o)
                0x00081a40                memset
 *(.glue_7t)
 .glue_7t       0x00000000        0x0 linker stubs
 *(.glue_7)
 .glue_7        0x00000000        0x0 linker stubs
 *(.rodata .rodata* .gnu.linkonce.r.*)
 .rodata.USB_DeviceDescriptorA
                0x00081b14       0x14 C:\eeCygwin\tmp\build7172053153614456789.tmp/core.a(USBCore.cpp.o)
                0x00081b14                USB_DeviceDescriptorA
 .rodata.USB_DeviceDescriptor
                0x00081b28       0x14 C:\eeCygwin\tmp\build7172053153614456789.tmp/core.a(USBCore.cpp.o)
                0x00081b28                USB_DeviceDescriptor
 .rodata._ZL9EndPoints
                0x00081b3c       0x14 C:\eeCygwin\tmp\build7172053153614456789.tmp/core.a(USBCore.cpp.o)
 .rodata.STRING_LANGUAGE
                0x00081b50        0x4 C:\eeCygwin\tmp\build7172053153614456789.tmp/core.a(USBCore.cpp.o)
                0x00081b50                STRING_LANGUAGE
 .rodata._ZL18test_packet_buffer
                0x00081b54       0x38 C:\eeCygwin\tmp\build7172053153614456789.tmp/core.a(USBCore.cpp.o)
 .rodata.STRING_PRODUCT
                0x00081b8c        0xc C:\eeCygwin\tmp\build7172053153614456789.tmp/core.a(USBCore.cpp.o)
                0x00081b8c                STRING_PRODUCT
 .rodata.STRING_MANUFACTURER
                0x00081b98        0xc C:\eeCygwin\tmp\build7172053153614456789.tmp/core.a(USBCore.cpp.o)
                0x00081b98                STRING_MANUFACTURER
 .rodata._ZL19USB_DeviceQualifier
                0x00081ba4       0x14 C:\eeCygwin\tmp\build7172053153614456789.tmp/core.a(USBCore.cpp.o)
 .rodata.g_APinDescription
                0x00081bb8      0xa2c C:\eeCygwin\tmp\build7172053153614456789.tmp/core.a(variant.cpp.o)
                0x00081bb8                g_APinDescription
 *fill*         0x000825e4        0x4 00
 .rodata._ZTV9UARTClass
                0x000825e8       0x30 C:\eeCygwin\tmp\build7172053153614456789.tmp/core.a(UARTClass.cpp.o)
                0x000825e8                vtable for UARTClass
 .rodata._ZTV10USARTClass
                0x00082618       0x30 C:\eeCygwin\tmp\build7172053153614456789.tmp/core.a(USARTClass.cpp.o)
                0x00082618                vtable for USARTClass
 .rodata._ZTV7Serial_
                0x00082648       0x28 C:\eeCygwin\tmp\build7172053153614456789.tmp/core.a(CDC.cpp.o)
                0x00082648                vtable for Serial_
 .rodata._ZL18_cdcOtherInterface
                0x00082670       0x44 C:\eeCygwin\tmp\build7172053153614456789.tmp/core.a(CDC.cpp.o)
 .rodata._ZL13_cdcInterface
                0x000826b4       0x44 C:\eeCygwin\tmp\build7172053153614456789.tmp/core.a(CDC.cpp.o)
 .rodata._ZTV9Keyboard_
                0x000826f8       0x20 C:\eeCygwin\tmp\build7172053153614456789.tmp/core.a(HID.cpp.o)
                0x000826f8                vtable for Keyboard_
 .rodata._asciimap
                0x00082718       0x80 C:\eeCygwin\tmp\build7172053153614456789.tmp/core.a(HID.cpp.o)
                0x00082718                _asciimap
 .rodata._hidInterface
                0x00082798       0x1c C:\eeCygwin\tmp\build7172053153614456789.tmp/core.a(HID.cpp.o)
                0x00082798                _hidInterface
 .rodata._hidReportDescriptor
                0x000827b4       0x68 C:\eeCygwin\tmp\build7172053153614456789.tmp/core.a(HID.cpp.o)
                0x000827b4                _hidReportDescriptor
 .rodata.C.0.8141
                0x0008281c       0x40 C:\Users\Pietro\Desktop\Arduino-1.5.6-r2\build\windows\work\hardware\arduino\sam\variants\arduino_due_x/libsam_sam3x8e_gcc_rel.a(adc.o)
 *(.ARM.extab* .gnu.linkonce.armextab.*)
                0x0008285c                . = ALIGN (0x4)
 *(.init)
 .init          0x0008285c        0x4 c:/users/pietro/desktop/arduino-1.5.6-r2/build/windows/work/hardware/tools/g++_arm_none_eabi/bin/../lib/gcc/arm-none-eabi/4.4.1/thumb2/crti.o
                0x0008285c                _init
 .init          0x00082860        0x8 c:/users/pietro/desktop/arduino-1.5.6-r2/build/windows/work/hardware/tools/g++_arm_none_eabi/bin/../lib/gcc/arm-none-eabi/4.4.1/thumb2/crtn.o
                0x00082868                . = ALIGN (0x4)
                0x00082868                __preinit_array_start = .
 *(.preinit_array)
                0x00082868                __preinit_array_end = .
                0x00082868                . = ALIGN (0x4)
                0x00082868                __init_array_start = .
 *(SORT(.init_array.*))
 *(.init_array)
 .init_array    0x00082868        0x4 c:/users/pietro/desktop/arduino-1.5.6-r2/build/windows/work/hardware/tools/g++_arm_none_eabi/bin/../lib/gcc/arm-none-eabi/4.4.1/thumb2/crtbegin.o
 .init_array    0x0008286c        0x4 C:\eeCygwin\tmp\build7172053153614456789.tmp/core.a(USBCore.cpp.o)
 .init_array    0x00082870        0x4 C:\eeCygwin\tmp\build7172053153614456789.tmp/core.a(variant.cpp.o)
 .init_array    0x00082874        0x4 C:\eeCygwin\tmp\build7172053153614456789.tmp/core.a(CDC.cpp.o)
 .init_array    0x00082878        0x4 C:\eeCygwin\tmp\build7172053153614456789.tmp/core.a(HID.cpp.o)
                0x0008287c                __init_array_end = .
                0x0008287c                . = ALIGN (0x4)
 *crtbegin.o(.ctors)
 *(EXCLUDE_FILE(*crtend.o) .ctors)
 *(SORT(.ctors.*))
 *crtend.o(.ctors)
                0x0008287c                . = ALIGN (0x4)
 *(.fini)
 .fini          0x0008287c        0x4 c:/users/pietro/desktop/arduino-1.5.6-r2/build/windows/work/hardware/tools/g++_arm_none_eabi/bin/../lib/gcc/arm-none-eabi/4.4.1/thumb2/crti.o
                0x0008287c                _fini
 .fini          0x00082880        0x8 c:/users/pietro/desktop/arduino-1.5.6-r2/build/windows/work/hardware/tools/g++_arm_none_eabi/bin/../lib/gcc/arm-none-eabi/4.4.1/thumb2/crtn.o
                0x00082888                . = ALIGN (0x4)
                0x00082888                __fini_array_start = .
 *(.fini_array)
 .fini_array    0x00082888        0x4 c:/users/pietro/desktop/arduino-1.5.6-r2/build/windows/work/hardware/tools/g++_arm_none_eabi/bin/../lib/gcc/arm-none-eabi/4.4.1/thumb2/crtbegin.o
 *(SORT(.fini_array.*))
                0x0008288c                __fini_array_end = .
 *crtbegin.o(.dtors)
 *(EXCLUDE_FILE(*crtend.o) .dtors)
 *(SORT(.dtors.*))
 *crtend.o(.dtors)
                0x0008288c                . = ALIGN (0x4)
                0x0008288c                _efixed = .
                0x0008288c                PROVIDE (__exidx_start, .)

.jcr            0x0008288c        0x0
 .jcr           0x0008288c        0x0 c:/users/pietro/desktop/arduino-1.5.6-r2/build/windows/work/hardware/tools/g++_arm_none_eabi/bin/../lib/gcc/arm-none-eabi/4.4.1/thumb2/crtbegin.o

.vfp11_veneer   0x0008288c        0x0
 .vfp11_veneer  0x00000000        0x0 linker stubs

.v4_bx          0x0008288c        0x0
 .v4_bx         0x00000000        0x0 linker stubs

.ARM.exidx
 *(.ARM.exidx* .gnu.linkonce.armexidx.*)
                0x0008288c                PROVIDE (__exidx_end, .)
                0x0008288c                . = ALIGN (0x4)
                0x0008288c                _etext = .

.relocate       0x20070000       0x4c load address 0x0008288c
                0x20070000                . = ALIGN (0x4)
                0x20070000                _srelocate = .
 *(.ramfunc .ramfunc.*)
 .ramfunc       0x20070000       0x34 C:\eeCygwin\tmp\build7172053153614456789.tmp/core.a(Reset.cpp.o)
                0x20070000                banzai
 *(.data .data.*)
 .data._ZL5ticks
                0x20070034        0x4 C:\eeCygwin\tmp\build7172053153614456789.tmp/core.a(Reset.cpp.o)
 .data._ZL12_usbLineInfo
                0x20070038        0x8 C:\eeCygwin\tmp\build7172053153614456789.tmp/core.a(CDC.cpp.o)
 .data._hid_protocol
                0x20070040        0x1 C:\eeCygwin\tmp\build7172053153614456789.tmp/core.a(HID.cpp.o)
                0x20070040                _hid_protocol
 .data._hid_idle
                0x20070041        0x1 C:\eeCygwin\tmp\build7172053153614456789.tmp/core.a(HID.cpp.o)
                0x20070041                _hid_idle
 *fill*         0x20070042        0x2 00
 .data.SystemCoreClock
                0x20070044        0x4 C:\Users\Pietro\Desktop\Arduino-1.5.6-r2\build\windows\work\hardware\arduino\sam\variants\arduino_due_x/libsam_sam3x8e_gcc_rel.a(system_sam3xa.o)
                0x20070044                SystemCoreClock
 .data.g_interrupt_enabled
                0x20070048        0x4 C:\Users\Pietro\Desktop\Arduino-1.5.6-r2\build\windows\work\hardware\arduino\sam\variants\arduino_due_x/libsam_sam3x8e_gcc_rel.a(interrupt_sam_nvic.o)
                0x20070048                g_interrupt_enabled
                0x2007004c                . = ALIGN (0x4)
                0x2007004c                _erelocate = .

.bss            0x2007004c      0x4a4 load address 0x000828d8
                0x2007004c                . = ALIGN (0x4)
                0x2007004c                _sbss = .
                0x2007004c                _szero = .
 *(.bss .bss.*)
 .bss           0x2007004c        0x1 c:/users/pietro/desktop/arduino-1.5.6-r2/build/windows/work/hardware/tools/g++_arm_none_eabi/bin/../lib/gcc/arm-none-eabi/4.4.1/thumb2/crtbegin.o
 *fill*         0x2007004d        0x3 00
 .bss.gpf_isr   0x20070050        0x4 C:\Users\Pietro\Desktop\Arduino-1.5.6-r2\build\windows\work\hardware\arduino\sam\variants\arduino_due_x/libsam_sam3x8e_gcc_rel.a(uotghs.o)
                0x20070050                gpf_isr
 .bss._ZL14isEndpointHalt
                0x20070054        0x1 C:\eeCygwin\tmp\build7172053153614456789.tmp/core.a(USBCore.cpp.o)
 *fill*         0x20070055        0x3 00
 .bss._cmark    0x20070058        0x4 C:\eeCygwin\tmp\build7172053153614456789.tmp/core.a(USBCore.cpp.o)
                0x20070058                _cmark
 .bss._cend     0x2007005c        0x4 C:\eeCygwin\tmp\build7172053153614456789.tmp/core.a(USBCore.cpp.o)
                0x2007005c                _cend
 .bss._cdcComposite
                0x20070060        0x4 C:\eeCygwin\tmp\build7172053153614456789.tmp/core.a(USBCore.cpp.o)
                0x20070060                _cdcComposite
 .bss._usbInitialized
                0x20070064        0x4 C:\eeCygwin\tmp\build7172053153614456789.tmp/core.a(USBCore.cpp.o)
                0x20070064                _usbInitialized
 .bss.USBDevice
                0x20070068        0x4 C:\eeCygwin\tmp\build7172053153614456789.tmp/core.a(USBCore.cpp.o)
                0x20070068                USBDevice
 .bss._usbSetInterface
                0x2007006c        0x4 C:\eeCygwin\tmp\build7172053153614456789.tmp/core.a(USBCore.cpp.o)
                0x2007006c                _usbSetInterface
 .bss._ZL21isRemoteWakeUpEnabled
                0x20070070        0x1 C:\eeCygwin\tmp\build7172053153614456789.tmp/core.a(USBCore.cpp.o)
 *fill*         0x20070071        0x3 00
 .bss._usbConfiguration
                0x20070074        0x4 C:\eeCygwin\tmp\build7172053153614456789.tmp/core.a(USBCore.cpp.o)
                0x20070074                _usbConfiguration
 .bss.Serial    0x20070078       0x20 C:\eeCygwin\tmp\build7172053153614456789.tmp/core.a(variant.cpp.o)
                0x20070078                Serial
 .bss.rx_buffer1
                0x20070098       0x48 C:\eeCygwin\tmp\build7172053153614456789.tmp/core.a(variant.cpp.o)
                0x20070098                rx_buffer1
 .bss.Serial1   0x200700e0       0x20 C:\eeCygwin\tmp\build7172053153614456789.tmp/core.a(variant.cpp.o)
                0x200700e0                Serial1
 .bss.Serial2   0x20070100       0x20 C:\eeCygwin\tmp\build7172053153614456789.tmp/core.a(variant.cpp.o)
                0x20070100                Serial2
 .bss.Serial3   0x20070120       0x20 C:\eeCygwin\tmp\build7172053153614456789.tmp/core.a(variant.cpp.o)
                0x20070120                Serial3
 .bss.rx_buffer2
                0x20070140       0x48 C:\eeCygwin\tmp\build7172053153614456789.tmp/core.a(variant.cpp.o)
                0x20070140                rx_buffer2
 .bss.rx_buffer3
                0x20070188       0x48 C:\eeCygwin\tmp\build7172053153614456789.tmp/core.a(variant.cpp.o)
                0x20070188                rx_buffer3
 .bss.rx_buffer4
                0x200701d0       0x48 C:\eeCygwin\tmp\build7172053153614456789.tmp/core.a(variant.cpp.o)
                0x200701d0                rx_buffer4
 .bss.pinEnabled
                0x20070218       0x50 C:\eeCygwin\tmp\build7172053153614456789.tmp/core.a(wiring_analog.c.o)
 .bss.cdc_rx_buffer
                0x20070268      0x208 C:\eeCygwin\tmp\build7172053153614456789.tmp/core.a(CDC.cpp.o)
                0x20070268                cdc_rx_buffer
 .bss._ZZN7Serial_6acceptEvE5guard
                0x20070470        0x4 C:\eeCygwin\tmp\build7172053153614456789.tmp/core.a(CDC.cpp.o)
 .bss.SerialUSB
                0x20070474       0x14 C:\eeCygwin\tmp\build7172053153614456789.tmp/core.a(CDC.cpp.o)
                0x20070474                SerialUSB
 .bss.Mouse     0x20070488        0x4 C:\eeCygwin\tmp\build7172053153614456789.tmp/core.a(HID.cpp.o)
                0x20070488                Mouse
 .bss.Keyboard  0x2007048c       0x10 C:\eeCygwin\tmp\build7172053153614456789.tmp/core.a(HID.cpp.o)
                0x2007048c                Keyboard
 .bss._dwTickCount
                0x2007049c        0x4 C:\Users\Pietro\Desktop\Arduino-1.5.6-r2\build\windows\work\hardware\arduino\sam\variants\arduino_due_x/libsam_sam3x8e_gcc_rel.a(timetick.o)
 .bss.ul_recv_fifo_ptr
                0x200704a0       0x28 C:\Users\Pietro\Desktop\Arduino-1.5.6-r2\build\windows\work\hardware\arduino\sam\variants\arduino_due_x/libsam_sam3x8e_gcc_rel.a(uotghs_device.o)
 .bss.ul_send_fifo_ptr
                0x200704c8       0x28 C:\Users\Pietro\Desktop\Arduino-1.5.6-r2\build\windows\work\hardware\arduino\sam\variants\arduino_due_x/libsam_sam3x8e_gcc_rel.a(uotghs_device.o)
 *(COMMON)
                0x200704f0                . = ALIGN (0x4)
                0x200704f0                _ebss = .
                0x200704f0                _ezero = .
                0x200704f0                . = ALIGN (0x4)
                0x200704f0                _end = .

.stack_dummy    0x200704f0        0x0
 *(.stack*)
                0x20088000                __StackTop = 0x20088000
                0x20088000                __StackLimit = (__StackTop - SIZEOF (.stack_dummy))
                0x20088000                PROVIDE (_sstack, __StackLimit)
                0x20088000                PROVIDE (_estack, __StackTop)
OUTPUT(C:\eeCygwin\tmp\build7172053153614456789.tmp/sketch_may15a.cpp.elf elf32-littlearm)

.ARM.attributes
                0x00000000       0x25
 .ARM.attributes
                0x00000000       0x19 c:/users/pietro/desktop/arduino-1.5.6-r2/build/windows/work/hardware/tools/g++_arm_none_eabi/bin/../lib/gcc/arm-none-eabi/4.4.1/thumb2/crti.o
 .ARM.attributes
                0x00000019       0x29 c:/users/pietro/desktop/arduino-1.5.6-r2/build/windows/work/hardware/tools/g++_arm_none_eabi/bin/../lib/gcc/arm-none-eabi/4.4.1/thumb2/crtbegin.o
 .ARM.attributes
                0x00000042       0x31 C:\eeCygwin\tmp\build7172053153614456789.tmp/syscalls_sam3.c.o
 .ARM.attributes
                0x00000073       0x31 C:\eeCygwin\tmp\build7172053153614456789.tmp\sketch_may15a.cpp.o
 .ARM.attributes
                0x000000a4       0x31 C:\Users\Pietro\Desktop\Arduino-1.5.6-r2\build\windows\work\hardware\arduino\sam\variants\arduino_due_x/libsam_sam3x8e_gcc_rel.a(startup_sam3xa.o)
 .ARM.attributes
                0x000000d5       0x31 C:\Users\Pietro\Desktop\Arduino-1.5.6-r2\build\windows\work\hardware\arduino\sam\variants\arduino_due_x/libsam_sam3x8e_gcc_rel.a(uotghs.o)
 .ARM.attributes
                0x00000106       0x31 C:\eeCygwin\tmp\build7172053153614456789.tmp/core.a(cortex_handlers.c.o)
 .ARM.attributes
                0x00000137       0x31 C:\eeCygwin\tmp\build7172053153614456789.tmp/core.a(hooks.c.o)
 .ARM.attributes
                0x00000168       0x31 C:\eeCygwin\tmp\build7172053153614456789.tmp/core.a(main.cpp.o)
 .ARM.attributes
                0x00000199       0x31 C:\eeCygwin\tmp\build7172053153614456789.tmp/core.a(Reset.cpp.o)
 .ARM.attributes
                0x000001ca       0x31 C:\eeCygwin\tmp\build7172053153614456789.tmp/core.a(USBCore.cpp.o)
 .ARM.attributes
                0x000001fb       0x31 C:\eeCygwin\tmp\build7172053153614456789.tmp/core.a(variant.cpp.o)
 .ARM.attributes
                0x0000022c       0x31 C:\eeCygwin\tmp\build7172053153614456789.tmp/core.a(wiring.c.o)
 .ARM.attributes
                0x0000025d       0x31 C:\eeCygwin\tmp\build7172053153614456789.tmp/core.a(wiring_analog.c.o)
 .ARM.attributes
                0x0000028e       0x31 C:\eeCygwin\tmp\build7172053153614456789.tmp/core.a(wiring_digital.c.o)
 .ARM.attributes
                0x000002bf       0x31 C:\eeCygwin\tmp\build7172053153614456789.tmp/core.a(RingBuffer.cpp.o)
 .ARM.attributes
                0x000002f0       0x31 C:\eeCygwin\tmp\build7172053153614456789.tmp/core.a(UARTClass.cpp.o)
 .ARM.attributes
                0x00000321       0x31 C:\eeCygwin\tmp\build7172053153614456789.tmp/core.a(USARTClass.cpp.o)
 .ARM.attributes
                0x00000352       0x31 C:\eeCygwin\tmp\build7172053153614456789.tmp/core.a(CDC.cpp.o)
 .ARM.attributes
                0x00000383       0x31 C:\eeCygwin\tmp\build7172053153614456789.tmp/core.a(HID.cpp.o)
 .ARM.attributes
                0x000003b4       0x31 C:\eeCygwin\tmp\build7172053153614456789.tmp/core.a(cxxabi-compat.cpp.o)
 .ARM.attributes
                0x000003e5       0x31 C:\eeCygwin\tmp\build7172053153614456789.tmp/core.a(Print.cpp.o)
 .ARM.attributes
                0x00000416       0x31 C:\Users\Pietro\Desktop\Arduino-1.5.6-r2\build\windows\work\hardware\arduino\sam\variants\arduino_due_x/libsam_sam3x8e_gcc_rel.a(pio.o)
 .ARM.attributes
                0x00000447       0x31 C:\Users\Pietro\Desktop\Arduino-1.5.6-r2\build\windows\work\hardware\arduino\sam\variants\arduino_due_x/libsam_sam3x8e_gcc_rel.a(pmc.o)
 .ARM.attributes
                0x00000478       0x31 C:\Users\Pietro\Desktop\Arduino-1.5.6-r2\build\windows\work\hardware\arduino\sam\variants\arduino_due_x/libsam_sam3x8e_gcc_rel.a(pwmc.o)
 .ARM.attributes
                0x000004a9       0x31 C:\Users\Pietro\Desktop\Arduino-1.5.6-r2\build\windows\work\hardware\arduino\sam\variants\arduino_due_x/libsam_sam3x8e_gcc_rel.a(tc.o)
 .ARM.attributes
                0x000004da       0x31 C:\Users\Pietro\Desktop\Arduino-1.5.6-r2\build\windows\work\hardware\arduino\sam\variants\arduino_due_x/libsam_sam3x8e_gcc_rel.a(timetick.o)
 .ARM.attributes
                0x0000050b       0x31 C:\Users\Pietro\Desktop\Arduino-1.5.6-r2\build\windows\work\hardware\arduino\sam\variants\arduino_due_x/libsam_sam3x8e_gcc_rel.a(wdt.o)
 .ARM.attributes
                0x0000053c       0x31 C:\Users\Pietro\Desktop\Arduino-1.5.6-r2\build\windows\work\hardware\arduino\sam\variants\arduino_due_x/libsam_sam3x8e_gcc_rel.a(system_sam3xa.o)
 .ARM.attributes
                0x0000056d       0x31 C:\Users\Pietro\Desktop\Arduino-1.5.6-r2\build\windows\work\hardware\arduino\sam\variants\arduino_due_x/libsam_sam3x8e_gcc_rel.a(adc.o)
 .ARM.attributes
                0x0000059e       0x31 C:\Users\Pietro\Desktop\Arduino-1.5.6-r2\build\windows\work\hardware\arduino\sam\variants\arduino_due_x/libsam_sam3x8e_gcc_rel.a(interrupt_sam_nvic.o)
 .ARM.attributes
                0x000005cf       0x31 C:\Users\Pietro\Desktop\Arduino-1.5.6-r2\build\windows\work\hardware\arduino\sam\variants\arduino_due_x/libsam_sam3x8e_gcc_rel.a(uotghs_device.o)
 .ARM.attributes
                0x00000600       0x31 C:\Users\Pietro\Desktop\Arduino-1.5.6-r2\build\windows\work\hardware\arduino\sam\variants\arduino_due_x/libsam_sam3x8e_gcc_rel.a(dacc.o)
 .ARM.attributes
                0x00000631       0x29 c:/users/pietro/desktop/arduino-1.5.6-r2/build/windows/work/hardware/tools/g++_arm_none_eabi/bin/../lib/gcc/arm-none-eabi/4.4.1/../../../../arm-none-eabi/lib/thumb2\libm.a(lib_a-s_isinfd.o)
 .ARM.attributes
                0x0000065a       0x29 c:/users/pietro/desktop/arduino-1.5.6-r2/build/windows/work/hardware/tools/g++_arm_none_eabi/bin/../lib/gcc/arm-none-eabi/4.4.1/../../../../arm-none-eabi/lib/thumb2\libm.a(lib_a-s_isnand.o)
 .ARM.attributes
                0x00000683       0x1b c:/users/pietro/desktop/arduino-1.5.6-r2/build/windows/work/hardware/tools/g++_arm_none_eabi/bin/../lib/gcc/arm-none-eabi/4.4.1/thumb2\libgcc.a(_arm_addsubdf3.o)
 .ARM.attributes
                0x0000069e       0x1b c:/users/pietro/desktop/arduino-1.5.6-r2/build/windows/work/hardware/tools/g++_arm_none_eabi/bin/../lib/gcc/arm-none-eabi/4.4.1/thumb2\libgcc.a(_arm_muldivdf3.o)
 .ARM.attributes
                0x000006b9       0x1b c:/users/pietro/desktop/arduino-1.5.6-r2/build/windows/work/hardware/tools/g++_arm_none_eabi/bin/../lib/gcc/arm-none-eabi/4.4.1/thumb2\libgcc.a(_arm_cmpdf2.o)
 .ARM.attributes
                0x000006d4       0x1b c:/users/pietro/desktop/arduino-1.5.6-r2/build/windows/work/hardware/tools/g++_arm_none_eabi/bin/../lib/gcc/arm-none-eabi/4.4.1/thumb2\libgcc.a(_arm_fixdfsi.o)
 .ARM.attributes
                0x000006ef       0x1b c:/users/pietro/desktop/arduino-1.5.6-r2/build/windows/work/hardware/tools/g++_arm_none_eabi/bin/../lib/gcc/arm-none-eabi/4.4.1/thumb2\libgcc.a(_arm_fixunsdfsi.o)
 .ARM.attributes
                0x0000070a       0x29 c:/users/pietro/desktop/arduino-1.5.6-r2/build/windows/work/hardware/tools/g++_arm_none_eabi/bin/../lib/gcc/arm-none-eabi/4.4.1/../../../../arm-none-eabi/lib/thumb2\libc.a(lib_a-assert.o)
 .ARM.attributes
                0x00000733       0x29 c:/users/pietro/desktop/arduino-1.5.6-r2/build/windows/work/hardware/tools/g++_arm_none_eabi/bin/../lib/gcc/arm-none-eabi/4.4.1/../../../../arm-none-eabi/lib/thumb2\libc.a(lib_a-fiprintf.o)
 .ARM.attributes
                0x0000075c       0x29 c:/users/pietro/desktop/arduino-1.5.6-r2/build/windows/work/hardware/tools/g++_arm_none_eabi/bin/../lib/gcc/arm-none-eabi/4.4.1/../../../../arm-none-eabi/lib/thumb2\libc.a(lib_a-impure.o)
 .ARM.attributes
                0x00000785       0x29 c:/users/pietro/desktop/arduino-1.5.6-r2/build/windows/work/hardware/tools/g++_arm_none_eabi/bin/../lib/gcc/arm-none-eabi/4.4.1/../../../../arm-none-eabi/lib/thumb2\libc.a(lib_a-init.o)
 .ARM.attributes
                0x000007ae       0x29 c:/users/pietro/desktop/arduino-1.5.6-r2/build/windows/work/hardware/tools/g++_arm_none_eabi/bin/../lib/gcc/arm-none-eabi/4.4.1/../../../../arm-none-eabi/lib/thumb2\libc.a(lib_a-iprintf.o)
 .ARM.attributes
                0x000007d7       0x29 c:/users/pietro/desktop/arduino-1.5.6-r2/build/windows/work/hardware/tools/g++_arm_none_eabi/bin/../lib/gcc/arm-none-eabi/4.4.1/../../../../arm-none-eabi/lib/thumb2\libc.a(lib_a-memset.o)
 .ARM.attributes
                0x00000800       0x29 c:/users/pietro/desktop/arduino-1.5.6-r2/build/windows/work/hardware/tools/g++_arm_none_eabi/bin/../lib/gcc/arm-none-eabi/4.4.1/../../../../arm-none-eabi/lib/thumb2\libc.a(lib_a-strlen.o)
 .ARM.attributes
                0x00000829       0x29 c:/users/pietro/desktop/arduino-1.5.6-r2/build/windows/work/hardware/tools/g++_arm_none_eabi/bin/../lib/gcc/arm-none-eabi/4.4.1/../../../../arm-none-eabi/lib/thumb2\libc.a(lib_a-vfiprintf.o)
 .ARM.attributes
                0x00000852       0x29 c:/users/pietro/desktop/arduino-1.5.6-r2/build/windows/work/hardware/tools/g++_arm_none_eabi/bin/../lib/gcc/arm-none-eabi/4.4.1/../../../../arm-none-eabi/lib/thumb2\libc.a(lib_a-wsetup.o)
 .ARM.attributes
                0x0000087b       0x29 c:/users/pietro/desktop/arduino-1.5.6-r2/build/windows/work/hardware/tools/g++_arm_none_eabi/bin/../lib/gcc/arm-none-eabi/4.4.1/../../../../arm-none-eabi/lib/thumb2\libc.a(lib_a-abort.o)
 .ARM.attributes
                0x000008a4       0x29 c:/users/pietro/desktop/arduino-1.5.6-r2/build/windows/work/hardware/tools/g++_arm_none_eabi/bin/../lib/gcc/arm-none-eabi/4.4.1/../../../../arm-none-eabi/lib/thumb2\libc.a(lib_a-fflush.o)
 .ARM.attributes
                0x000008cd       0x29 c:/users/pietro/desktop/arduino-1.5.6-r2/build/windows/work/hardware/tools/g++_arm_none_eabi/bin/../lib/gcc/arm-none-eabi/4.4.1/../../../../arm-none-eabi/lib/thumb2\libc.a(lib_a-findfp.o)
 .ARM.attributes
                0x000008f6       0x29 c:/users/pietro/desktop/arduino-1.5.6-r2/build/windows/work/hardware/tools/g++_arm_none_eabi/bin/../lib/gcc/arm-none-eabi/4.4.1/../../../../arm-none-eabi/lib/thumb2\libc.a(lib_a-freer.o)
 .ARM.attributes
                0x0000091f       0x29 c:/users/pietro/desktop/arduino-1.5.6-r2/build/windows/work/hardware/tools/g++_arm_none_eabi/bin/../lib/gcc/arm-none-eabi/4.4.1/../../../../arm-none-eabi/lib/thumb2\libc.a(lib_a-fvwrite.o)
 .ARM.attributes
                0x00000948       0x29 c:/users/pietro/desktop/arduino-1.5.6-r2/build/windows/work/hardware/tools/g++_arm_none_eabi/bin/../lib/gcc/arm-none-eabi/4.4.1/../../../../arm-none-eabi/lib/thumb2\libc.a(lib_a-fwalk.o)
 .ARM.attributes
                0x00000971       0x29 c:/users/pietro/desktop/arduino-1.5.6-r2/build/windows/work/hardware/tools/g++_arm_none_eabi/bin/../lib/gcc/arm-none-eabi/4.4.1/../../../../arm-none-eabi/lib/thumb2\libc.a(lib_a-makebuf.o)
 .ARM.attributes
                0x0000099a       0x29 c:/users/pietro/desktop/arduino-1.5.6-r2/build/windows/work/hardware/tools/g++_arm_none_eabi/bin/../lib/gcc/arm-none-eabi/4.4.1/../../../../arm-none-eabi/lib/thumb2\libc.a(lib_a-mallocr.o)
 .ARM.attributes
                0x000009c3       0x29 c:/users/pietro/desktop/arduino-1.5.6-r2/build/windows/work/hardware/tools/g++_arm_none_eabi/bin/../lib/gcc/arm-none-eabi/4.4.1/../../../../arm-none-eabi/lib/thumb2\libc.a(lib_a-memchr.o)
 .ARM.attributes
                0x000009ec       0x29 c:/users/pietro/desktop/arduino-1.5.6-r2/build/windows/work/hardware/tools/g++_arm_none_eabi/bin/../lib/gcc/arm-none-eabi/4.4.1/../../../../arm-none-eabi/lib/thumb2\libc.a(lib_a-memcpy.o)
 .ARM.attributes
                0x00000a15       0x29 c:/users/pietro/desktop/arduino-1.5.6-r2/build/windows/work/hardware/tools/g++_arm_none_eabi/bin/../lib/gcc/arm-none-eabi/4.4.1/../../../../arm-none-eabi/lib/thumb2\libc.a(lib_a-memmove.o)
 .ARM.attributes
                0x00000a3e       0x29 c:/users/pietro/desktop/arduino-1.5.6-r2/build/windows/work/hardware/tools/g++_arm_none_eabi/bin/../lib/gcc/arm-none-eabi/4.4.1/../../../../arm-none-eabi/lib/thumb2\libc.a(lib_a-mlock.o)
 .ARM.attributes
                0x00000a67       0x29 c:/users/pietro/desktop/arduino-1.5.6-r2/build/windows/work/hardware/tools/g++_arm_none_eabi/bin/../lib/gcc/arm-none-eabi/4.4.1/../../../../arm-none-eabi/lib/thumb2\libc.a(lib_a-reallocr.o)
 .ARM.attributes
                0x00000a90       0x29 c:/users/pietro/desktop/arduino-1.5.6-r2/build/windows/work/hardware/tools/g++_arm_none_eabi/bin/../lib/gcc/arm-none-eabi/4.4.1/../../../../arm-none-eabi/lib/thumb2\libc.a(lib_a-sbrkr.o)
 .ARM.attributes
                0x00000ab9       0x29 c:/users/pietro/desktop/arduino-1.5.6-r2/build/windows/work/hardware/tools/g++_arm_none_eabi/bin/../lib/gcc/arm-none-eabi/4.4.1/../../../../arm-none-eabi/lib/thumb2\libc.a(lib_a-signal.o)
 .ARM.attributes
                0x00000ae2       0x29 c:/users/pietro/desktop/arduino-1.5.6-r2/build/windows/work/hardware/tools/g++_arm_none_eabi/bin/../lib/gcc/arm-none-eabi/4.4.1/../../../../arm-none-eabi/lib/thumb2\libc.a(lib_a-signalr.o)
 .ARM.attributes
                0x00000b0b       0x29 c:/users/pietro/desktop/arduino-1.5.6-r2/build/windows/work/hardware/tools/g++_arm_none_eabi/bin/../lib/gcc/arm-none-eabi/4.4.1/../../../../arm-none-eabi/lib/thumb2\libc.a(lib_a-stdio.o)
 .ARM.attributes
                0x00000b34       0x29 c:/users/pietro/desktop/arduino-1.5.6-r2/build/windows/work/hardware/tools/g++_arm_none_eabi/bin/../lib/gcc/arm-none-eabi/4.4.1/../../../../arm-none-eabi/lib/thumb2\libc.a(lib_a-writer.o)
 .ARM.attributes
                0x00000b5d       0x29 c:/users/pietro/desktop/arduino-1.5.6-r2/build/windows/work/hardware/tools/g++_arm_none_eabi/bin/../lib/gcc/arm-none-eabi/4.4.1/../../../../arm-none-eabi/lib/thumb2\libc.a(lib_a-closer.o)
 .ARM.attributes
                0x00000b86       0x29 c:/users/pietro/desktop/arduino-1.5.6-r2/build/windows/work/hardware/tools/g++_arm_none_eabi/bin/../lib/gcc/arm-none-eabi/4.4.1/../../../../arm-none-eabi/lib/thumb2\libc.a(lib_a-fclose.o)
 .ARM.attributes
                0x00000baf       0x29 c:/users/pietro/desktop/arduino-1.5.6-r2/build/windows/work/hardware/tools/g++_arm_none_eabi/bin/../lib/gcc/arm-none-eabi/4.4.1/../../../../arm-none-eabi/lib/thumb2\libc.a(lib_a-fstatr.o)
 .ARM.attributes
                0x00000bd8       0x29 c:/users/pietro/desktop/arduino-1.5.6-r2/build/windows/work/hardware/tools/g++_arm_none_eabi/bin/../lib/gcc/arm-none-eabi/4.4.1/../../../../arm-none-eabi/lib/thumb2\libc.a(lib_a-isattyr.o)
 .ARM.attributes
                0x00000c01       0x29 c:/users/pietro/desktop/arduino-1.5.6-r2/build/windows/work/hardware/tools/g++_arm_none_eabi/bin/../lib/gcc/arm-none-eabi/4.4.1/../../../../arm-none-eabi/lib/thumb2\libc.a(lib_a-lseekr.o)
 .ARM.attributes
                0x00000c2a       0x29 c:/users/pietro/desktop/arduino-1.5.6-r2/build/windows/work/hardware/tools/g++_arm_none_eabi/bin/../lib/gcc/arm-none-eabi/4.4.1/../../../../arm-none-eabi/lib/thumb2\libc.a(lib_a-readr.o)
 .ARM.attributes
                0x00000c53       0x29 c:/users/pietro/desktop/arduino-1.5.6-r2/build/windows/work/hardware/tools/g++_arm_none_eabi/bin/../lib/gcc/arm-none-eabi/4.4.1/../../../../arm-none-eabi/lib/thumb2\libc.a(lib_a-reent.o)
 .ARM.attributes
                0x00000c7c       0x1b c:/users/pietro/desktop/arduino-1.5.6-r2/build/windows/work/hardware/tools/g++_arm_none_eabi/bin/../lib/gcc/arm-none-eabi/4.4.1/thumb2\libgcc.a(_aeabi_uldivmod.o)
 .ARM.attributes
                0x00000c97       0x29 c:/users/pietro/desktop/arduino-1.5.6-r2/build/windows/work/hardware/tools/g++_arm_none_eabi/bin/../lib/gcc/arm-none-eabi/4.4.1/thumb2\libgcc.a(bpabi.o)
 .ARM.attributes
                0x00000cc0       0x1b c:/users/pietro/desktop/arduino-1.5.6-r2/build/windows/work/hardware/tools/g++_arm_none_eabi/bin/../lib/gcc/arm-none-eabi/4.4.1/thumb2\libgcc.a(_dvmd_tls.o)
 .ARM.attributes
                0x00000cdb       0x29 c:/users/pietro/desktop/arduino-1.5.6-r2/build/windows/work/hardware/tools/g++_arm_none_eabi/bin/../lib/gcc/arm-none-eabi/4.4.1/thumb2\libgcc.a(_divdi3.o)
 .ARM.attributes
                0x00000d04       0x29 c:/users/pietro/desktop/arduino-1.5.6-r2/build/windows/work/hardware/tools/g++_arm_none_eabi/bin/../lib/gcc/arm-none-eabi/4.4.1/thumb2\libgcc.a(_udivdi3.o)
 .ARM.attributes
                0x00000d2d       0x1b c:/users/pietro/desktop/arduino-1.5.6-r2/build/windows/work/hardware/tools/g++_arm_none_eabi/bin/../lib/gcc/arm-none-eabi/4.4.1/thumb2\libgcc.a(_udivsi3.o)
 .ARM.attributes
                0x00000d48       0x29 c:/users/pietro/desktop/arduino-1.5.6-r2/build/windows/work/hardware/tools/g++_arm_none_eabi/bin/../lib/gcc/arm-none-eabi/4.4.1/thumb2/crtend.o
 .ARM.attributes
                0x00000d71       0x19 c:/users/pietro/desktop/arduino-1.5.6-r2/build/windows/work/hardware/tools/g++_arm_none_eabi/bin/../lib/gcc/arm-none-eabi/4.4.1/thumb2/crtn.o

.comment        0x00000000      0x330
 .comment       0x00000000       0x2b C:\eeCygwin\tmp\build7172053153614456789.tmp/syscalls_sam3.c.o
 .comment       0x0000002b       0x2b C:\eeCygwin\tmp\build7172053153614456789.tmp\sketch_may15a.cpp.o
 .comment       0x00000056       0x2a C:\Users\Pietro\Desktop\Arduino-1.5.6-r2\build\windows\work\hardware\arduino\sam\variants\arduino_due_x/libsam_sam3x8e_gcc_rel.a(startup_sam3xa.o)
                                 0x2b (size before relaxing)
 .comment       0x00000000       0x2b C:\Users\Pietro\Desktop\Arduino-1.5.6-r2\build\windows\work\hardware\arduino\sam\variants\arduino_due_x/libsam_sam3x8e_gcc_rel.a(uotghs.o)
 .comment       0x00000080       0x2b C:\eeCygwin\tmp\build7172053153614456789.tmp/core.a(cortex_handlers.c.o)
 .comment       0x000000ab       0x2b C:\eeCygwin\tmp\build7172053153614456789.tmp/core.a(hooks.c.o)
 .comment       0x000000d6       0x2b C:\eeCygwin\tmp\build7172053153614456789.tmp/core.a(main.cpp.o)
 .comment       0x00000101       0x2b C:\eeCygwin\tmp\build7172053153614456789.tmp/core.a(Reset.cpp.o)
 .comment       0x0000012c       0x2b C:\eeCygwin\tmp\build7172053153614456789.tmp/core.a(USBCore.cpp.o)
 .comment       0x00000157       0x2b C:\eeCygwin\tmp\build7172053153614456789.tmp/core.a(variant.cpp.o)
 .comment       0x00000182       0x2b C:\eeCygwin\tmp\build7172053153614456789.tmp/core.a(wiring.c.o)
 .comment       0x000001ad       0x2b C:\eeCygwin\tmp\build7172053153614456789.tmp/core.a(wiring_analog.c.o)
 .comment       0x000001d8       0x2b C:\eeCygwin\tmp\build7172053153614456789.tmp/core.a(wiring_digital.c.o)
 .comment       0x00000203       0x2b C:\eeCygwin\tmp\build7172053153614456789.tmp/core.a(RingBuffer.cpp.o)
 .comment       0x0000022e       0x2b C:\eeCygwin\tmp\build7172053153614456789.tmp/core.a(UARTClass.cpp.o)
 .comment       0x00000259       0x2b C:\eeCygwin\tmp\build7172053153614456789.tmp/core.a(USARTClass.cpp.o)
 .comment       0x00000284       0x2b C:\eeCygwin\tmp\build7172053153614456789.tmp/core.a(CDC.cpp.o)
 .comment       0x000002af       0x2b C:\eeCygwin\tmp\build7172053153614456789.tmp/core.a(HID.cpp.o)
 .comment       0x000002da       0x2b C:\eeCygwin\tmp\build7172053153614456789.tmp/core.a(cxxabi-compat.cpp.o)
 .comment       0x00000305       0x2b C:\eeCygwin\tmp\build7172053153614456789.tmp/core.a(Print.cpp.o)
 .comment       0x00000000       0x2b C:\Users\Pietro\Desktop\Arduino-1.5.6-r2\build\windows\work\hardware\arduino\sam\variants\arduino_due_x/libsam_sam3x8e_gcc_rel.a(pio.o)
 .comment       0x00000000       0x2b C:\Users\Pietro\Desktop\Arduino-1.5.6-r2\build\windows\work\hardware\arduino\sam\variants\arduino_due_x/libsam_sam3x8e_gcc_rel.a(pmc.o)
 .comment       0x00000000       0x2b C:\Users\Pietro\Desktop\Arduino-1.5.6-r2\build\windows\work\hardware\arduino\sam\variants\arduino_due_x/libsam_sam3x8e_gcc_rel.a(pwmc.o)
 .comment       0x00000000       0x2b C:\Users\Pietro\Desktop\Arduino-1.5.6-r2\build\windows\work\hardware\arduino\sam\variants\arduino_due_x/libsam_sam3x8e_gcc_rel.a(tc.o)
 .comment       0x00000000       0x2b C:\Users\Pietro\Desktop\Arduino-1.5.6-r2\build\windows\work\hardware\arduino\sam\variants\arduino_due_x/libsam_sam3x8e_gcc_rel.a(timetick.o)
 .comment       0x00000000       0x2b C:\Users\Pietro\Desktop\Arduino-1.5.6-r2\build\windows\work\hardware\arduino\sam\variants\arduino_due_x/libsam_sam3x8e_gcc_rel.a(wdt.o)
 .comment       0x00000000       0x2b C:\Users\Pietro\Desktop\Arduino-1.5.6-r2\build\windows\work\hardware\arduino\sam\variants\arduino_due_x/libsam_sam3x8e_gcc_rel.a(system_sam3xa.o)
 .comment       0x00000000       0x2b C:\Users\Pietro\Desktop\Arduino-1.5.6-r2\build\windows\work\hardware\arduino\sam\variants\arduino_due_x/libsam_sam3x8e_gcc_rel.a(adc.o)
 .comment       0x00000000       0x2b C:\Users\Pietro\Desktop\Arduino-1.5.6-r2\build\windows\work\hardware\arduino\sam\variants\arduino_due_x/libsam_sam3x8e_gcc_rel.a(interrupt_sam_nvic.o)
 .comment       0x00000000       0x2b C:\Users\Pietro\Desktop\Arduino-1.5.6-r2\build\windows\work\hardware\arduino\sam\variants\arduino_due_x/libsam_sam3x8e_gcc_rel.a(uotghs_device.o)
 .comment       0x00000000       0x2b C:\Users\Pietro\Desktop\Arduino-1.5.6-r2\build\windows\work\hardware\arduino\sam\variants\arduino_due_x/libsam_sam3x8e_gcc_rel.a(dacc.o)

.debug_abbrev   0x00000000     0x27ff
 .debug_abbrev  0x00000000      0x169 C:\eeCygwin\tmp\build7172053153614456789.tmp/syscalls_sam3.c.o
 .debug_abbrev  0x00000169       0xa3 C:\eeCygwin\tmp\build7172053153614456789.tmp\sketch_may15a.cpp.o
 .debug_abbrev  0x0000020c       0xc9 C:\eeCygwin\tmp\build7172053153614456789.tmp/core.a(cortex_handlers.c.o)
 .debug_abbrev  0x000002d5       0x43 C:\eeCygwin\tmp\build7172053153614456789.tmp/core.a(hooks.c.o)
 .debug_abbrev  0x00000318       0xff C:\eeCygwin\tmp\build7172053153614456789.tmp/core.a(main.cpp.o)
 .debug_abbrev  0x00000417      0x146 C:\eeCygwin\tmp\build7172053153614456789.tmp/core.a(Reset.cpp.o)
 .debug_abbrev  0x0000055d      0x507 C:\eeCygwin\tmp\build7172053153614456789.tmp/core.a(USBCore.cpp.o)
 .debug_abbrev  0x00000a64      0x2a6 C:\eeCygwin\tmp\build7172053153614456789.tmp/core.a(variant.cpp.o)
 .debug_abbrev  0x00000d0a      0x14c C:\eeCygwin\tmp\build7172053153614456789.tmp/core.a(wiring.c.o)
 .debug_abbrev  0x00000e56      0x28f C:\eeCygwin\tmp\build7172053153614456789.tmp/core.a(wiring_analog.c.o)
 .debug_abbrev  0x000010e5      0x146 C:\eeCygwin\tmp\build7172053153614456789.tmp/core.a(wiring_digital.c.o)
 .debug_abbrev  0x0000122b      0x139 C:\eeCygwin\tmp\build7172053153614456789.tmp/core.a(RingBuffer.cpp.o)
 .debug_abbrev  0x00001364      0x3dd C:\eeCygwin\tmp\build7172053153614456789.tmp/core.a(UARTClass.cpp.o)
 .debug_abbrev  0x00001741      0x3dd C:\eeCygwin\tmp\build7172053153614456789.tmp/core.a(USARTClass.cpp.o)
 .debug_abbrev  0x00001b1e      0x4d6 C:\eeCygwin\tmp\build7172053153614456789.tmp/core.a(CDC.cpp.o)
 .debug_abbrev  0x00001ff4      0x4a6 C:\eeCygwin\tmp\build7172053153614456789.tmp/core.a(HID.cpp.o)
 .debug_abbrev  0x0000249a       0x27 C:\eeCygwin\tmp\build7172053153614456789.tmp/core.a(cxxabi-compat.cpp.o)
 .debug_abbrev  0x000024c1      0x33e C:\eeCygwin\tmp\build7172053153614456789.tmp/core.a(Print.cpp.o)

.debug_info     0x00000000     0xe55a
 .debug_info    0x00000000      0x5fb C:\eeCygwin\tmp\build7172053153614456789.tmp/syscalls_sam3.c.o
 .debug_info    0x000005fb      0x216 C:\eeCygwin\tmp\build7172053153614456789.tmp\sketch_may15a.cpp.o
 .debug_info    0x00000811      0x233 C:\eeCygwin\tmp\build7172053153614456789.tmp/core.a(cortex_handlers.c.o)
 .debug_info    0x00000a44       0x64 C:\eeCygwin\tmp\build7172053153614456789.tmp/core.a(hooks.c.o)
 .debug_info    0x00000aa8      0x2a6 C:\eeCygwin\tmp\build7172053153614456789.tmp/core.a(main.cpp.o)
 .debug_info    0x00000d4e      0x355 C:\eeCygwin\tmp\build7172053153614456789.tmp/core.a(Reset.cpp.o)
 .debug_info    0x000010a3     0x1602 C:\eeCygwin\tmp\build7172053153614456789.tmp/core.a(USBCore.cpp.o)
 .debug_info    0x000026a5     0x1288 C:\eeCygwin\tmp\build7172053153614456789.tmp/core.a(variant.cpp.o)
 .debug_info    0x0000392d      0x4a8 C:\eeCygwin\tmp\build7172053153614456789.tmp/core.a(wiring.c.o)
 .debug_info    0x00003dd5     0x16aa C:\eeCygwin\tmp\build7172053153614456789.tmp/core.a(wiring_analog.c.o)
 .debug_info    0x0000547f      0x8bc C:\eeCygwin\tmp\build7172053153614456789.tmp/core.a(wiring_digital.c.o)
 .debug_info    0x00005d3b      0x195 C:\eeCygwin\tmp\build7172053153614456789.tmp/core.a(RingBuffer.cpp.o)
 .debug_info    0x00005ed0     0x1b3c C:\eeCygwin\tmp\build7172053153614456789.tmp/core.a(UARTClass.cpp.o)
 .debug_info    0x00007a0c     0x1c24 C:\eeCygwin\tmp\build7172053153614456789.tmp/core.a(USARTClass.cpp.o)
 .debug_info    0x00009630     0x24e8 C:\eeCygwin\tmp\build7172053153614456789.tmp/core.a(CDC.cpp.o)
 .debug_info    0x0000bb18      0xe46 C:\eeCygwin\tmp\build7172053153614456789.tmp/core.a(HID.cpp.o)
 .debug_info    0x0000c95e       0x38 C:\eeCygwin\tmp\build7172053153614456789.tmp/core.a(cxxabi-compat.cpp.o)
 .debug_info    0x0000c996     0x1bc4 C:\eeCygwin\tmp\build7172053153614456789.tmp/core.a(Print.cpp.o)

.debug_line     0x00000000     0x4dfa
 .debug_line    0x00000000      0x3e4 C:\eeCygwin\tmp\build7172053153614456789.tmp/syscalls_sam3.c.o
 .debug_line    0x000003e4      0x26a C:\eeCygwin\tmp\build7172053153614456789.tmp\sketch_may15a.cpp.o
 .debug_line    0x0000064e      0x2f0 C:\eeCygwin\tmp\build7172053153614456789.tmp/core.a(cortex_handlers.c.o)
 .debug_line    0x0000093e       0xb6 C:\eeCygwin\tmp\build7172053153614456789.tmp/core.a(hooks.c.o)
 .debug_line    0x000009f4      0x329 C:\eeCygwin\tmp\build7172053153614456789.tmp/core.a(main.cpp.o)
 .debug_line    0x00000d1d      0x43f C:\eeCygwin\tmp\build7172053153614456789.tmp/core.a(Reset.cpp.o)
 .debug_line    0x0000115c      0x788 C:\eeCygwin\tmp\build7172053153614456789.tmp/core.a(USBCore.cpp.o)
 .debug_line    0x000018e4      0x5d5 C:\eeCygwin\tmp\build7172053153614456789.tmp/core.a(variant.cpp.o)
 .debug_line    0x00001eb9      0x2e3 C:\eeCygwin\tmp\build7172053153614456789.tmp/core.a(wiring.c.o)
 .debug_line    0x0000219c      0x551 C:\eeCygwin\tmp\build7172053153614456789.tmp/core.a(wiring_analog.c.o)
 .debug_line    0x000026ed      0x40c C:\eeCygwin\tmp\build7172053153614456789.tmp/core.a(wiring_digital.c.o)
 .debug_line    0x00002af9      0x1ef C:\eeCygwin\tmp\build7172053153614456789.tmp/core.a(RingBuffer.cpp.o)
 .debug_line    0x00002ce8      0x5ec C:\eeCygwin\tmp\build7172053153614456789.tmp/core.a(UARTClass.cpp.o)
 .debug_line    0x000032d4      0x5ef C:\eeCygwin\tmp\build7172053153614456789.tmp/core.a(USARTClass.cpp.o)
 .debug_line    0x000038c3      0x75c C:\eeCygwin\tmp\build7172053153614456789.tmp/core.a(CDC.cpp.o)
 .debug_line    0x0000401f      0x69c C:\eeCygwin\tmp\build7172053153614456789.tmp/core.a(HID.cpp.o)
 .debug_line    0x000046bb       0xa0 C:\eeCygwin\tmp\build7172053153614456789.tmp/core.a(cxxabi-compat.cpp.o)
 .debug_line    0x0000475b      0x69f C:\eeCygwin\tmp\build7172053153614456789.tmp/core.a(Print.cpp.o)

.debug_loc      0x00000000     0x22ff
 .debug_loc     0x00000000       0xf4 C:\eeCygwin\tmp\build7172053153614456789.tmp/syscalls_sam3.c.o
 .debug_loc     0x000000f4       0x1f C:\eeCygwin\tmp\build7172053153614456789.tmp/core.a(cortex_handlers.c.o)
 .debug_loc     0x00000113       0x1f C:\eeCygwin\tmp\build7172053153614456789.tmp/core.a(main.cpp.o)
 .debug_loc     0x00000132       0x1f C:\eeCygwin\tmp\build7172053153614456789.tmp/core.a(Reset.cpp.o)
 .debug_loc     0x00000151      0x6e4 C:\eeCygwin\tmp\build7172053153614456789.tmp/core.a(USBCore.cpp.o)
 .debug_loc     0x00000835       0x70 C:\eeCygwin\tmp\build7172053153614456789.tmp/core.a(variant.cpp.o)
 .debug_loc     0x000008a5       0xc1 C:\eeCygwin\tmp\build7172053153614456789.tmp/core.a(wiring.c.o)
 .debug_loc     0x00000966      0x23a C:\eeCygwin\tmp\build7172053153614456789.tmp/core.a(wiring_analog.c.o)
 .debug_loc     0x00000ba0      0x114 C:\eeCygwin\tmp\build7172053153614456789.tmp/core.a(wiring_digital.c.o)
 .debug_loc     0x00000cb4       0x99 C:\eeCygwin\tmp\build7172053153614456789.tmp/core.a(RingBuffer.cpp.o)
 .debug_loc     0x00000d4d      0x1cc C:\eeCygwin\tmp\build7172053153614456789.tmp/core.a(UARTClass.cpp.o)
 .debug_loc     0x00000f19      0x1cc C:\eeCygwin\tmp\build7172053153614456789.tmp/core.a(USARTClass.cpp.o)
 .debug_loc     0x000010e5      0x329 C:\eeCygwin\tmp\build7172053153614456789.tmp/core.a(CDC.cpp.o)
 .debug_loc     0x0000140e      0x4e4 C:\eeCygwin\tmp\build7172053153614456789.tmp/core.a(HID.cpp.o)
 .debug_loc     0x000018f2      0xa0d C:\eeCygwin\tmp\build7172053153614456789.tmp/core.a(Print.cpp.o)

.debug_pubnames
                0x00000000      0xeae
 .debug_pubnames
                0x00000000       0x87 C:\eeCygwin\tmp\build7172053153614456789.tmp/syscalls_sam3.c.o
 .debug_pubnames
                0x00000087       0x25 C:\eeCygwin\tmp\build7172053153614456789.tmp\sketch_may15a.cpp.o
 .debug_pubnames
                0x000000ac       0x49 C:\eeCygwin\tmp\build7172053153614456789.tmp/core.a(cortex_handlers.c.o)
 .debug_pubnames
                0x000000f5       0x1b C:\eeCygwin\tmp\build7172053153614456789.tmp/core.a(main.cpp.o)
 .debug_pubnames
                0x00000110       0x4d C:\eeCygwin\tmp\build7172053153614456789.tmp/core.a(Reset.cpp.o)
 .debug_pubnames
                0x0000015d      0x29c C:\eeCygwin\tmp\build7172053153614456789.tmp/core.a(USBCore.cpp.o)
 .debug_pubnames
                0x000003f9      0x13c C:\eeCygwin\tmp\build7172053153614456789.tmp/core.a(variant.cpp.o)
 .debug_pubnames
                0x00000535       0x32 C:\eeCygwin\tmp\build7172053153614456789.tmp/core.a(wiring.c.o)
 .debug_pubnames
                0x00000567       0xa2 C:\eeCygwin\tmp\build7172053153614456789.tmp/core.a(wiring_analog.c.o)
 .debug_pubnames
                0x00000609       0x3f C:\eeCygwin\tmp\build7172053153614456789.tmp/core.a(wiring_digital.c.o)
 .debug_pubnames
                0x00000648       0x63 C:\eeCygwin\tmp\build7172053153614456789.tmp/core.a(RingBuffer.cpp.o)
 .debug_pubnames
                0x000006ab      0x10e C:\eeCygwin\tmp\build7172053153614456789.tmp/core.a(UARTClass.cpp.o)
 .debug_pubnames
                0x000007b9      0x11b C:\eeCygwin\tmp\build7172053153614456789.tmp/core.a(USARTClass.cpp.o)
 .debug_pubnames
                0x000008d4      0x159 C:\eeCygwin\tmp\build7172053153614456789.tmp/core.a(CDC.cpp.o)
 .debug_pubnames
                0x00000a2d      0x258 C:\eeCygwin\tmp\build7172053153614456789.tmp/core.a(HID.cpp.o)
 .debug_pubnames
                0x00000c85       0x29 C:\eeCygwin\tmp\build7172053153614456789.tmp/core.a(cxxabi-compat.cpp.o)
 .debug_pubnames
                0x00000cae      0x200 C:\eeCygwin\tmp\build7172053153614456789.tmp/core.a(Print.cpp.o)

.debug_aranges  0x00000000      0x6d0
 .debug_aranges
                0x00000000       0x70 C:\eeCygwin\tmp\build7172053153614456789.tmp/syscalls_sam3.c.o
 .debug_aranges
                0x00000070       0x28 C:\eeCygwin\tmp\build7172053153614456789.tmp\sketch_may15a.cpp.o
 .debug_aranges
                0x00000098       0x38 C:\eeCygwin\tmp\build7172053153614456789.tmp/core.a(cortex_handlers.c.o)
 .debug_aranges
                0x000000d0       0x30 C:\eeCygwin\tmp\build7172053153614456789.tmp/core.a(hooks.c.o)
 .debug_aranges
                0x00000100       0x20 C:\eeCygwin\tmp\build7172053153614456789.tmp/core.a(main.cpp.o)
 .debug_aranges
                0x00000120       0x38 C:\eeCygwin\tmp\build7172053153614456789.tmp/core.a(Reset.cpp.o)
 .debug_aranges
                0x00000158       0xc8 C:\eeCygwin\tmp\build7172053153614456789.tmp/core.a(USBCore.cpp.o)
 .debug_aranges
                0x00000220       0x70 C:\eeCygwin\tmp\build7172053153614456789.tmp/core.a(variant.cpp.o)
 .debug_aranges
                0x00000290       0x30 C:\eeCygwin\tmp\build7172053153614456789.tmp/core.a(wiring.c.o)
 .debug_aranges
                0x000002c0       0x58 C:\eeCygwin\tmp\build7172053153614456789.tmp/core.a(wiring_analog.c.o)
 .debug_aranges
                0x00000318       0x30 C:\eeCygwin\tmp\build7172053153614456789.tmp/core.a(wiring_digital.c.o)
 .debug_aranges
                0x00000348       0x30 C:\eeCygwin\tmp\build7172053153614456789.tmp/core.a(RingBuffer.cpp.o)
 .debug_aranges
                0x00000378       0x70 C:\eeCygwin\tmp\build7172053153614456789.tmp/core.a(UARTClass.cpp.o)
 .debug_aranges
                0x000003e8       0x70 C:\eeCygwin\tmp\build7172053153614456789.tmp/core.a(USARTClass.cpp.o)
 .debug_aranges
                0x00000458       0x90 C:\eeCygwin\tmp\build7172053153614456789.tmp/core.a(CDC.cpp.o)
 .debug_aranges
                0x000004e8       0xd8 C:\eeCygwin\tmp\build7172053153614456789.tmp/core.a(HID.cpp.o)
 .debug_aranges
                0x000005c0       0x20 C:\eeCygwin\tmp\build7172053153614456789.tmp/core.a(cxxabi-compat.cpp.o)
 .debug_aranges
                0x000005e0       0xf0 C:\eeCygwin\tmp\build7172053153614456789.tmp/core.a(Print.cpp.o)

.debug_ranges   0x00000000      0x9d0
 .debug_ranges  0x00000000       0x68 C:\eeCygwin\tmp\build7172053153614456789.tmp/syscalls_sam3.c.o
 .debug_ranges  0x00000068       0x20 C:\eeCygwin\tmp\build7172053153614456789.tmp\sketch_may15a.cpp.o
 .debug_ranges  0x00000088       0x30 C:\eeCygwin\tmp\build7172053153614456789.tmp/core.a(cortex_handlers.c.o)
 .debug_ranges  0x000000b8       0x28 C:\eeCygwin\tmp\build7172053153614456789.tmp/core.a(hooks.c.o)
 .debug_ranges  0x000000e0       0x18 C:\eeCygwin\tmp\build7172053153614456789.tmp/core.a(main.cpp.o)
 .debug_ranges  0x000000f8       0x30 C:\eeCygwin\tmp\build7172053153614456789.tmp/core.a(Reset.cpp.o)
 .debug_ranges  0x00000128      0x240 C:\eeCygwin\tmp\build7172053153614456789.tmp/core.a(USBCore.cpp.o)
 .debug_ranges  0x00000368       0xa0 C:\eeCygwin\tmp\build7172053153614456789.tmp/core.a(variant.cpp.o)
 .debug_ranges  0x00000408       0x28 C:\eeCygwin\tmp\build7172053153614456789.tmp/core.a(wiring.c.o)
 .debug_ranges  0x00000430       0x68 C:\eeCygwin\tmp\build7172053153614456789.tmp/core.a(wiring_analog.c.o)
 .debug_ranges  0x00000498       0x28 C:\eeCygwin\tmp\build7172053153614456789.tmp/core.a(wiring_digital.c.o)
 .debug_ranges  0x000004c0       0x40 C:\eeCygwin\tmp\build7172053153614456789.tmp/core.a(RingBuffer.cpp.o)
 .debug_ranges  0x00000500       0x98 C:\eeCygwin\tmp\build7172053153614456789.tmp/core.a(UARTClass.cpp.o)
 .debug_ranges  0x00000598       0x98 C:\eeCygwin\tmp\build7172053153614456789.tmp/core.a(USARTClass.cpp.o)
 .debug_ranges  0x00000630       0xc0 C:\eeCygwin\tmp\build7172053153614456789.tmp/core.a(CDC.cpp.o)
 .debug_ranges  0x000006f0      0x150 C:\eeCygwin\tmp\build7172053153614456789.tmp/core.a(HID.cpp.o)
 .debug_ranges  0x00000840       0x18 C:\eeCygwin\tmp\build7172053153614456789.tmp/core.a(cxxabi-compat.cpp.o)
 .debug_ranges  0x00000858      0x178 C:\eeCygwin\tmp\build7172053153614456789.tmp/core.a(Print.cpp.o)

.debug_str      0x00000000     0x3ec7
 .debug_str     0x00000000      0x2d7 C:\eeCygwin\tmp\build7172053153614456789.tmp/syscalls_sam3.c.o
                                0x346 (size before relaxing)
 .debug_str     0x000002d7       0xf0 C:\eeCygwin\tmp\build7172053153614456789.tmp\sketch_may15a.cpp.o
                                0x19a (size before relaxing)
 .debug_str     0x000003c7       0xa3 C:\eeCygwin\tmp\build7172053153614456789.tmp/core.a(cortex_handlers.c.o)
                                0x1b0 (size before relaxing)
 .debug_str     0x0000046a       0x77 C:\eeCygwin\tmp\build7172053153614456789.tmp/core.a(hooks.c.o)
                                 0x8a (size before relaxing)
 .debug_str     0x000004e1      0x107 C:\eeCygwin\tmp\build7172053153614456789.tmp/core.a(main.cpp.o)
                                0x21b (size before relaxing)
 .debug_str     0x000005e8      0x126 C:\eeCygwin\tmp\build7172053153614456789.tmp/core.a(Reset.cpp.o)
                                0x240 (size before relaxing)
 .debug_str     0x0000070e      0xa38 C:\eeCygwin\tmp\build7172053153614456789.tmp/core.a(USBCore.cpp.o)
                                0xc6d (size before relaxing)
 .debug_str     0x00001146      0xb20 C:\eeCygwin\tmp\build7172053153614456789.tmp/core.a(variant.cpp.o)
                                0xd73 (size before relaxing)
 .debug_str     0x00001c66       0x9b C:\eeCygwin\tmp\build7172053153614456789.tmp/core.a(wiring.c.o)
                                0x222 (size before relaxing)
 .debug_str     0x00001d01      0x541 C:\eeCygwin\tmp\build7172053153614456789.tmp/core.a(wiring_analog.c.o)
                                0xc03 (size before relaxing)
 .debug_str     0x00002242       0x97 C:\eeCygwin\tmp\build7172053153614456789.tmp/core.a(wiring_digital.c.o)
                                0x664 (size before relaxing)
 .debug_str     0x000022d9       0x6e C:\eeCygwin\tmp\build7172053153614456789.tmp/core.a(RingBuffer.cpp.o)
                                0x15f (size before relaxing)
 .debug_str     0x00002347      0xd49 C:\eeCygwin\tmp\build7172053153614456789.tmp/core.a(UARTClass.cpp.o)
                               0x1261 (size before relaxing)
 .debug_str     0x00003090      0x229 C:\eeCygwin\tmp\build7172053153614456789.tmp/core.a(USARTClass.cpp.o)
                               0x12bf (size before relaxing)
 .debug_str     0x000032b9      0x443 C:\eeCygwin\tmp\build7172053153614456789.tmp/core.a(CDC.cpp.o)
                               0x170b (size before relaxing)
 .debug_str     0x000036fc      0x380 C:\eeCygwin\tmp\build7172053153614456789.tmp/core.a(HID.cpp.o)
                                0x661 (size before relaxing)
 .debug_str     0x00003a7c       0x84 C:\eeCygwin\tmp\build7172053153614456789.tmp/core.a(cxxabi-compat.cpp.o)
                                 0x92 (size before relaxing)
 .debug_str     0x00003b00      0x3c7 C:\eeCygwin\tmp\build7172053153614456789.tmp/core.a(Print.cpp.o)
                                0xdc3 (size before relaxing)

.debug_frame    0x00000000     0x1920
 .debug_frame   0x00000000       0xd0 C:\eeCygwin\tmp\build7172053153614456789.tmp/syscalls_sam3.c.o
 .debug_frame   0x000000d0       0x30 C:\eeCygwin\tmp\build7172053153614456789.tmp\sketch_may15a.cpp.o
 .debug_frame   0x00000100       0x58 C:\eeCygwin\tmp\build7172053153614456789.tmp/core.a(cortex_handlers.c.o)
 .debug_frame   0x00000158       0x40 C:\eeCygwin\tmp\build7172053153614456789.tmp/core.a(hooks.c.o)
 .debug_frame   0x00000198       0x28 C:\eeCygwin\tmp\build7172053153614456789.tmp/core.a(main.cpp.o)
 .debug_frame   0x000001c0       0x58 C:\eeCygwin\tmp\build7172053153614456789.tmp/core.a(Reset.cpp.o)
 .debug_frame   0x00000218      0x234 C:\eeCygwin\tmp\build7172053153614456789.tmp/core.a(USBCore.cpp.o)
 .debug_frame   0x0000044c       0xe8 C:\eeCygwin\tmp\build7172053153614456789.tmp/core.a(variant.cpp.o)
 .debug_frame   0x00000534       0x5c C:\eeCygwin\tmp\build7172053153614456789.tmp/core.a(wiring.c.o)
 .debug_frame   0x00000590       0xb4 C:\eeCygwin\tmp\build7172053153614456789.tmp/core.a(wiring_analog.c.o)
 .debug_frame   0x00000644       0x64 C:\eeCygwin\tmp\build7172053153614456789.tmp/core.a(wiring_digital.c.o)
 .debug_frame   0x000006a8       0x58 C:\eeCygwin\tmp\build7172053153614456789.tmp/core.a(RingBuffer.cpp.o)
 .debug_frame   0x00000700       0xf8 C:\eeCygwin\tmp\build7172053153614456789.tmp/core.a(UARTClass.cpp.o)
 .debug_frame   0x000007f8       0xf8 C:\eeCygwin\tmp\build7172053153614456789.tmp/core.a(USARTClass.cpp.o)
 .debug_frame   0x000008f0      0x13c C:\eeCygwin\tmp\build7172053153614456789.tmp/core.a(CDC.cpp.o)
 .debug_frame   0x00000a2c      0x1d8 C:\eeCygwin\tmp\build7172053153614456789.tmp/core.a(HID.cpp.o)
 .debug_frame   0x00000c04       0x20 C:\eeCygwin\tmp\build7172053153614456789.tmp/core.a(cxxabi-compat.cpp.o)
 .debug_frame   0x00000c24      0x2c0 C:\eeCygwin\tmp\build7172053153614456789.tmp/core.a(Print.cpp.o)
 .debug_frame   0x00000ee4       0x20 c:/users/pietro/desktop/arduino-1.5.6-r2/build/windows/work/hardware/tools/g++_arm_none_eabi/bin/../lib/gcc/arm-none-eabi/4.4.1/../../../../arm-none-eabi/lib/thumb2\libm.a(lib_a-s_isinfd.o)
 .debug_frame   0x00000f04       0x20 c:/users/pietro/desktop/arduino-1.5.6-r2/build/windows/work/hardware/tools/g++_arm_none_eabi/bin/../lib/gcc/arm-none-eabi/4.4.1/../../../../arm-none-eabi/lib/thumb2\libm.a(lib_a-s_isnand.o)
 .debug_frame   0x00000f24       0x44 c:/users/pietro/desktop/arduino-1.5.6-r2/build/windows/work/hardware/tools/g++_arm_none_eabi/bin/../lib/gcc/arm-none-eabi/4.4.1/../../../../arm-none-eabi/lib/thumb2\libc.a(lib_a-assert.o)
 .debug_frame   0x00000f68       0x5c c:/users/pietro/desktop/arduino-1.5.6-r2/build/windows/work/hardware/tools/g++_arm_none_eabi/bin/../lib/gcc/arm-none-eabi/4.4.1/../../../../arm-none-eabi/lib/thumb2\libc.a(lib_a-fiprintf.o)
 .debug_frame   0x00000fc4       0x2c c:/users/pietro/desktop/arduino-1.5.6-r2/build/windows/work/hardware/tools/g++_arm_none_eabi/bin/../lib/gcc/arm-none-eabi/4.4.1/../../../../arm-none-eabi/lib/thumb2\libc.a(lib_a-init.o)
 .debug_frame   0x00000ff0       0x5c c:/users/pietro/desktop/arduino-1.5.6-r2/build/windows/work/hardware/tools/g++_arm_none_eabi/bin/../lib/gcc/arm-none-eabi/4.4.1/../../../../arm-none-eabi/lib/thumb2\libc.a(lib_a-iprintf.o)
 .debug_frame   0x0000104c       0x28 c:/users/pietro/desktop/arduino-1.5.6-r2/build/windows/work/hardware/tools/g++_arm_none_eabi/bin/../lib/gcc/arm-none-eabi/4.4.1/../../../../arm-none-eabi/lib/thumb2\libc.a(lib_a-memset.o)
 .debug_frame   0x00001074       0x20 c:/users/pietro/desktop/arduino-1.5.6-r2/build/windows/work/hardware/tools/g++_arm_none_eabi/bin/../lib/gcc/arm-none-eabi/4.4.1/../../../../arm-none-eabi/lib/thumb2\libc.a(lib_a-strlen.o)
 .debug_frame   0x00001094       0x70 c:/users/pietro/desktop/arduino-1.5.6-r2/build/windows/work/hardware/tools/g++_arm_none_eabi/bin/../lib/gcc/arm-none-eabi/4.4.1/../../../../arm-none-eabi/lib/thumb2\libc.a(lib_a-vfiprintf.o)
 .debug_frame   0x00001104       0x2c c:/users/pietro/desktop/arduino-1.5.6-r2/build/windows/work/hardware/tools/g++_arm_none_eabi/bin/../lib/gcc/arm-none-eabi/4.4.1/../../../../arm-none-eabi/lib/thumb2\libc.a(lib_a-wsetup.o)
 .debug_frame   0x00001130       0x28 c:/users/pietro/desktop/arduino-1.5.6-r2/build/windows/work/hardware/tools/g++_arm_none_eabi/bin/../lib/gcc/arm-none-eabi/4.4.1/../../../../arm-none-eabi/lib/thumb2\libc.a(lib_a-abort.o)
 .debug_frame   0x00001158       0x40 c:/users/pietro/desktop/arduino-1.5.6-r2/build/windows/work/hardware/tools/g++_arm_none_eabi/bin/../lib/gcc/arm-none-eabi/4.4.1/../../../../arm-none-eabi/lib/thumb2\libc.a(lib_a-fflush.o)
 .debug_frame   0x00001198      0x11c c:/users/pietro/desktop/arduino-1.5.6-r2/build/windows/work/hardware/tools/g++_arm_none_eabi/bin/../lib/gcc/arm-none-eabi/4.4.1/../../../../arm-none-eabi/lib/thumb2\libc.a(lib_a-findfp.o)
 .debug_frame   0x000012b4       0x50 c:/users/pietro/desktop/arduino-1.5.6-r2/build/windows/work/hardware/tools/g++_arm_none_eabi/bin/../lib/gcc/arm-none-eabi/4.4.1/../../../../arm-none-eabi/lib/thumb2\libc.a(lib_a-freer.o)
 .debug_frame   0x00001304       0x3c c:/users/pietro/desktop/arduino-1.5.6-r2/build/windows/work/hardware/tools/g++_arm_none_eabi/bin/../lib/gcc/arm-none-eabi/4.4.1/../../../../arm-none-eabi/lib/thumb2\libc.a(lib_a-fvwrite.o)
 .debug_frame   0x00001340       0x54 c:/users/pietro/desktop/arduino-1.5.6-r2/build/windows/work/hardware/tools/g++_arm_none_eabi/bin/../lib/gcc/arm-none-eabi/4.4.1/../../../../arm-none-eabi/lib/thumb2\libc.a(lib_a-fwalk.o)
 .debug_frame   0x00001394       0x34 c:/users/pietro/desktop/arduino-1.5.6-r2/build/windows/work/hardware/tools/g++_arm_none_eabi/bin/../lib/gcc/arm-none-eabi/4.4.1/../../../../arm-none-eabi/lib/thumb2\libc.a(lib_a-makebuf.o)
 .debug_frame   0x000013c8       0x3c c:/users/pietro/desktop/arduino-1.5.6-r2/build/windows/work/hardware/tools/g++_arm_none_eabi/bin/../lib/gcc/arm-none-eabi/4.4.1/../../../../arm-none-eabi/lib/thumb2\libc.a(lib_a-mallocr.o)
 .debug_frame   0x00001404       0x28 c:/users/pietro/desktop/arduino-1.5.6-r2/build/windows/work/hardware/tools/g++_arm_none_eabi/bin/../lib/gcc/arm-none-eabi/4.4.1/../../../../arm-none-eabi/lib/thumb2\libc.a(lib_a-memchr.o)
 .debug_frame   0x0000142c       0x34 c:/users/pietro/desktop/arduino-1.5.6-r2/build/windows/work/hardware/tools/g++_arm_none_eabi/bin/../lib/gcc/arm-none-eabi/4.4.1/../../../../arm-none-eabi/lib/thumb2\libc.a(lib_a-memcpy.o)
 .debug_frame   0x00001460       0x2c c:/users/pietro/desktop/arduino-1.5.6-r2/build/windows/work/hardware/tools/g++_arm_none_eabi/bin/../lib/gcc/arm-none-eabi/4.4.1/../../../../arm-none-eabi/lib/thumb2\libc.a(lib_a-memmove.o)
 .debug_frame   0x0000148c       0x30 c:/users/pietro/desktop/arduino-1.5.6-r2/build/windows/work/hardware/tools/g++_arm_none_eabi/bin/../lib/gcc/arm-none-eabi/4.4.1/../../../../arm-none-eabi/lib/thumb2\libc.a(lib_a-mlock.o)